Archive member included to satisfy reference by file (symbol)

/usr/lib/gcc/arm-none-eabi/10.3.1/thumb/v6-m/nofp/libgcc.a(_dvmd_tls.o)
                              CMakeFiles/PicoW-Pi7.dir/home/consmariano/PicoW-pi7/pico-sdk/src/rp2_common/pico_divider/divider.S.obj (__aeabi_idiv0)
/usr/lib/gcc/arm-none-eabi/10.3.1/../../../arm-none-eabi/lib/thumb/v6-m/nofp/libg.a(lib_a-atexit.o)
                              /usr/lib/gcc/arm-none-eabi/10.3.1/../../../arm-none-eabi/lib/thumb/v6-m/nofp/crt0.o (atexit)
/usr/lib/gcc/arm-none-eabi/10.3.1/../../../arm-none-eabi/lib/thumb/v6-m/nofp/libg.a(lib_a-calloc.o)
                              CMakeFiles/PicoW-Pi7.dir/home/consmariano/PicoW-pi7/pico-sdk/src/rp2_common/pico_malloc/pico_malloc.c.obj (calloc)
/usr/lib/gcc/arm-none-eabi/10.3.1/../../../arm-none-eabi/lib/thumb/v6-m/nofp/libg.a(lib_a-callocr.o)
                              /usr/lib/gcc/arm-none-eabi/10.3.1/../../../arm-none-eabi/lib/thumb/v6-m/nofp/libg.a(lib_a-calloc.o) (_calloc_r)
/usr/lib/gcc/arm-none-eabi/10.3.1/../../../arm-none-eabi/lib/thumb/v6-m/nofp/libg.a(lib_a-fini.o)
                              /usr/lib/gcc/arm-none-eabi/10.3.1/../../../arm-none-eabi/lib/thumb/v6-m/nofp/crt0.o (__libc_fini_array)
/usr/lib/gcc/arm-none-eabi/10.3.1/../../../arm-none-eabi/lib/thumb/v6-m/nofp/libg.a(lib_a-fwrite.o)
                              CMakeFiles/PicoW-Pi7.dir/drivers/uart/uart.c.obj (fwrite)
/usr/lib/gcc/arm-none-eabi/10.3.1/../../../arm-none-eabi/lib/thumb/v6-m/nofp/libg.a(lib_a-impure.o)
                              CMakeFiles/PicoW-Pi7.dir/drivers/uart/uart.c.obj (_impure_ptr)
/usr/lib/gcc/arm-none-eabi/10.3.1/../../../arm-none-eabi/lib/thumb/v6-m/nofp/libg.a(lib_a-init.o)
                              /usr/lib/gcc/arm-none-eabi/10.3.1/../../../arm-none-eabi/lib/thumb/v6-m/nofp/crt0.o (__libc_init_array)
/usr/lib/gcc/arm-none-eabi/10.3.1/../../../arm-none-eabi/lib/thumb/v6-m/nofp/libg.a(lib_a-malloc.o)
                              CMakeFiles/PicoW-Pi7.dir/home/consmariano/PicoW-pi7/pico-sdk/src/rp2_common/pico_malloc/pico_malloc.c.obj (malloc)
/usr/lib/gcc/arm-none-eabi/10.3.1/../../../arm-none-eabi/lib/thumb/v6-m/nofp/libg.a(lib_a-mallocr.o)
                              /usr/lib/gcc/arm-none-eabi/10.3.1/../../../arm-none-eabi/lib/thumb/v6-m/nofp/libg.a(lib_a-callocr.o) (_malloc_r)
/usr/lib/gcc/arm-none-eabi/10.3.1/../../../arm-none-eabi/lib/thumb/v6-m/nofp/libg.a(lib_a-memcmp.o)
                              CMakeFiles/PicoW-Pi7.dir/home/consmariano/PicoW-pi7/pico-sdk/lib/cyw43-driver/src/cyw43_ll.c.obj (memcmp)
/usr/lib/gcc/arm-none-eabi/10.3.1/../../../arm-none-eabi/lib/thumb/v6-m/nofp/libg.a(lib_a-memmove.o)
                              CMakeFiles/PicoW-Pi7.dir/home/consmariano/PicoW-pi7/pico-sdk/lib/cyw43-driver/src/cyw43_ll.c.obj (memmove)
/usr/lib/gcc/arm-none-eabi/10.3.1/../../../arm-none-eabi/lib/thumb/v6-m/nofp/libg.a(lib_a-mlock.o)
                              /usr/lib/gcc/arm-none-eabi/10.3.1/../../../arm-none-eabi/lib/thumb/v6-m/nofp/libg.a(lib_a-mallocr.o) (__malloc_lock)
/usr/lib/gcc/arm-none-eabi/10.3.1/../../../arm-none-eabi/lib/thumb/v6-m/nofp/libg.a(lib_a-realloc.o)
                              CMakeFiles/PicoW-Pi7.dir/home/consmariano/PicoW-pi7/pico-sdk/src/rp2_common/pico_malloc/pico_malloc.c.obj (realloc)
/usr/lib/gcc/arm-none-eabi/10.3.1/../../../arm-none-eabi/lib/thumb/v6-m/nofp/libg.a(lib_a-reallocr.o)
                              /usr/lib/gcc/arm-none-eabi/10.3.1/../../../arm-none-eabi/lib/thumb/v6-m/nofp/libg.a(lib_a-realloc.o) (_realloc_r)
/usr/lib/gcc/arm-none-eabi/10.3.1/../../../arm-none-eabi/lib/thumb/v6-m/nofp/libg.a(lib_a-sbrkr.o)
                              /usr/lib/gcc/arm-none-eabi/10.3.1/../../../arm-none-eabi/lib/thumb/v6-m/nofp/libg.a(lib_a-mallocr.o) (_sbrk_r)
/usr/lib/gcc/arm-none-eabi/10.3.1/../../../arm-none-eabi/lib/thumb/v6-m/nofp/libg.a(lib_a-strlen-stub.o)
                              CMakeFiles/PicoW-Pi7.dir/home/consmariano/PicoW-pi7/pico-sdk/src/rp2_common/pico_stdio/stdio.c.obj (strlen)
/usr/lib/gcc/arm-none-eabi/10.3.1/../../../arm-none-eabi/lib/thumb/v6-m/nofp/libg.a(lib_a-strncmp.o)
                              CMakeFiles/PicoW-Pi7.dir/home/consmariano/PicoW-pi7/pico-sdk/lib/cyw43-driver/src/cyw43_ll.c.obj (strncmp)
/usr/lib/gcc/arm-none-eabi/10.3.1/../../../arm-none-eabi/lib/thumb/v6-m/nofp/libg.a(lib_a-__atexit.o)
                              /usr/lib/gcc/arm-none-eabi/10.3.1/../../../arm-none-eabi/lib/thumb/v6-m/nofp/libg.a(lib_a-atexit.o) (__register_exitproc)
/usr/lib/gcc/arm-none-eabi/10.3.1/../../../arm-none-eabi/lib/thumb/v6-m/nofp/libg.a(lib_a-findfp.o)
                              /usr/lib/gcc/arm-none-eabi/10.3.1/../../../arm-none-eabi/lib/thumb/v6-m/nofp/libg.a(lib_a-fwrite.o) (__sinit)
/usr/lib/gcc/arm-none-eabi/10.3.1/../../../arm-none-eabi/lib/thumb/v6-m/nofp/libg.a(lib_a-freer.o)
                              /usr/lib/gcc/arm-none-eabi/10.3.1/../../../arm-none-eabi/lib/thumb/v6-m/nofp/libg.a(lib_a-malloc.o) (_free_r)
[...]
Memory Configuration

Name             Origin             Length             Attributes
FLASH            0x0000000010000000 0x0000000000200000 xr
RAM              0x0000000020000000 0x0000000000040000 xrw
SCRATCH_X        0x0000000020040000 0x0000000000001000 xrw
SCRATCH_Y        0x0000000020041000 0x0000000000001000 xrw
*default*        0x0000000000000000 0xffffffffffffffff

Linker script and memory map

LOAD /usr/lib/gcc/arm-none-eabi/10.3.1/thumb/v6-m/nofp/crti.o
LOAD /usr/lib/gcc/arm-none-eabi/10.3.1/thumb/v6-m/nofp/crtbegin.o
LOAD /usr/lib/gcc/arm-none-eabi/10.3.1/../../../arm-none-eabi/lib/thumb/v6-m/nofp/crt0.o

.flash_begin    0x0000000010000000        0x0
                0x0000000010000000                __flash_binary_start = .

.boot2          0x0000000010000000      0x100
                0x0000000010000000                __boot2_start__ = .
 *(.boot2)
 .boot2         0x0000000010000000      0x100 /tmp/ccgFhOZX.o
                0x0000000010000100                __boot2_end__ = .
                0x0000000000000001                ASSERT (((__boot2_end__ - __boot2_start__) == 0x100), ERROR: Pico second stage bootloader must be 256 bytes in size)

.text           0x0000000010000100    0x102e8
                0x0000000010000100                __logical_binary_start = .
 *(.vectors)
 .vectors       0x0000000010000100       0xd4 CMakeFiles/PicoW-Pi7.dir/home/consmariano/PicoW-pi7/pico-sdk/src/rp2_common/pico_standard_link/crt0.S.obj
                0x0000000010000100                __vectors
                0x0000000010000100                __VECTOR_TABLE
                0x00000000100001c0                isr_invalid
                0x00000000100001c0                __default_isrs_start
                0x00000000100001c2                isr_nmi
                0x00000000100001c4                isr_hardfault
                0x00000000100001c6                isr_svcall
                0x00000000100001c8                isr_pendsv
                0x00000000100001ca                isr_systick
                0x00000000100001cc                isr_irq30
                0x00000000100001cc                __unhandled_user_irq
                0x00000000100001cc                isr_irq13
                0x00000000100001cc                isr_irq27
                0x00000000100001cc                isr_irq31
                0x00000000100001cc                isr_irq5
                0x00000000100001cc                isr_irq11
                0x00000000100001cc                isr_irq23
                0x00000000100001cc                isr_irq18
                0x00000000100001cc                isr_irq28
                0x00000000100001cc                isr_irq19
                0x00000000100001cc                isr_irq0
                0x00000000100001cc                isr_irq6
                0x00000000100001cc                isr_irq22
                0x00000000100001cc                isr_irq17
                0x00000000100001cc                isr_irq14
                0x00000000100001cc                isr_irq2
                0x00000000100001cc                isr_irq10
                0x00000000100001cc                isr_irq8
                0x00000000100001cc                isr_irq24
                0x00000000100001cc                isr_irq1
                0x00000000100001cc                isr_irq7
                0x00000000100001cc                isr_irq21
                0x00000000100001cc                isr_irq20
                0x00000000100001cc                isr_irq15
                0x00000000100001cc                isr_irq25
                0x00000000100001cc                isr_irq4
                0x00000000100001cc                isr_irq16
                0x00000000100001cc                isr_irq29
                0x00000000100001cc                isr_irq26
                0x00000000100001cc                __default_isrs_end
                0x00000000100001cc                isr_irq3
                0x00000000100001cc                isr_irq12
                0x00000000100001cc                isr_irq9
                0x00000000100001d2                unhandled_user_irq_num_in_r0
 *(.binary_info_header)
 .binary_info_header
                0x00000000100001d4       0x14 CMakeFiles/PicoW-Pi7.dir/home/consmariano/PicoW-pi7/pico-sdk/src/rp2_common/pico_standard_link/crt0.S.obj
                0x00000000100001e8                __binary_info_header_end = .
 *(.reset)
 .reset         0x00000000100001e8       0xa0 CMakeFiles/PicoW-Pi7.dir/home/consmariano/PicoW-pi7/pico-sdk/src/rp2_common/pico_standard_link/crt0.S.obj
                0x00000000100001e8                _entry_point
 .reset         0x0000000010000288       0x30 CMakeFiles/PicoW-Pi7.dir/home/consmariano/PicoW-pi7/pico-sdk/src/rp2_common/pico_standard_link/binary_info.c.obj
 *(.init)
 .init          0x00000000100002b8        0x4 /usr/lib/gcc/arm-none-eabi/10.3.1/thumb/v6-m/nofp/crti.o
                0x00000000100002b8                _init
 *(EXCLUDE_FILE(*libm.a: *libc.a:*lib_a-mem*.o *libgcc.a:) .text*)
 .text          0x00000000100002bc       0x98 /usr/lib/gcc/arm-none-eabi/10.3.1/thumb/v6-m/nofp/crtbegin.o
 .text.taskController
                0x0000000010000354       0x14 CMakeFiles/PicoW-Pi7.dir/main.c.obj
                0x0000000010000354                taskController
 .text.taskNCProcessing
                0x0000000010000368       0x48 CMakeFiles/PicoW-Pi7.dir/main.c.obj
                0x0000000010000368                taskNCProcessing
 .text.taskCommPIC
                0x00000000100003b0       0x50 CMakeFiles/PicoW-Pi7.dir/main.c.obj
                0x00000000100003b0                taskCommPIC
 .text.taskBlinkLed
                0x0000000010000400       0x10 CMakeFiles/PicoW-Pi7.dir/main.c.obj
                0x0000000010000400                taskBlinkLed
 .text.setupHardware
                0x0000000010000410       0x2c CMakeFiles/PicoW-Pi7.dir/main.c.obj
 .text.initComponents
                0x000000001000043c       0x54 CMakeFiles/PicoW-Pi7.dir/main.c.obj
 .text.main     0x0000000010000490       0x90 CMakeFiles/PicoW-Pi7.dir/main.c.obj
                0x0000000010000490                main
 .text.led_init
                0x0000000010000520       0x10 CMakeFiles/PicoW-Pi7.dir/drivers/ledonboard/leds.c.obj
                0x0000000010000520                led_init
 .text.led_invert
                0x0000000010000530       0x30 CMakeFiles/PicoW-Pi7.dir/drivers/ledonboard/leds.c.obj
                0x0000000010000530                led_invert
 .text.UART1_IRQHandler
                0x0000000010000560       0x54 CMakeFiles/PicoW-Pi7.dir/drivers/uart/uart.c.obj
                0x0000000010000560                UART1_IRQHandler
 .text.UART0_IRQHandler
                0x00000000100005b4       0x54 CMakeFiles/PicoW-Pi7.dir/drivers/uart/uart.c.obj
                0x00000000100005b4                UART0_IRQHandler
 .text.UARTInit
                0x0000000010000608      0x10c CMakeFiles/PicoW-Pi7.dir/drivers/uart/uart.c.obj
                0x0000000010000608                UARTInit
 .text.UARTSend
                0x0000000010000714       0x74 CMakeFiles/PicoW-Pi7.dir/drivers/uart/uart.c.obj
                0x0000000010000714                UARTSend
 .text.UARTSendNullTerminated
                0x0000000010000788      0x124 CMakeFiles/PicoW-Pi7.dir/drivers/uart/uart.c.obj
                0x0000000010000788                UARTSendNullTerminated
 .text.com_init
                0x00000000100008ac       0x14 CMakeFiles/PicoW-Pi7.dir/pi7/comm_pc/modbus.c.obj
                0x00000000100008ac                com_init
 .text.sendTxBufferToSerialUSB
                0x00000000100008c0       0x14 CMakeFiles/PicoW-Pi7.dir/pi7/comm_pc/modbus.c.obj
                0x00000000100008c0                sendTxBufferToSerialUSB
 .text.putCharToSerial
                0x00000000100008d4       0x14 CMakeFiles/PicoW-Pi7.dir/pi7/comm_pc/modbus.c.obj
                0x00000000100008d4                putCharToSerial
 .text.getCharFromSerial
                0x00000000100008e8       0x14 CMakeFiles/PicoW-Pi7.dir/pi7/comm_pc/modbus.c.obj
                0x00000000100008e8                getCharFromSerial
 .text.decode   0x00000000100008fc       0x2a CMakeFiles/PicoW-Pi7.dir/pi7/comm_pc/modbus.c.obj
                0x00000000100008fc                decode
 .text.encodeLow
                0x0000000010000926       0x10 CMakeFiles/PicoW-Pi7.dir/pi7/comm_pc/modbus.c.obj
                0x0000000010000926                encodeLow
 .text.encodeHigh
                0x0000000010000936       0x12 CMakeFiles/PicoW-Pi7.dir/pi7/comm_pc/modbus.c.obj
                0x0000000010000936                encodeHigh
 .text.calculateLRC
                0x0000000010000948       0x18 CMakeFiles/PicoW-Pi7.dir/pi7/comm_pc/modbus.c.obj
                0x0000000010000948                calculateLRC
 .text.checkLRC
                0x0000000010000960       0x40 CMakeFiles/PicoW-Pi7.dir/pi7/comm_pc/modbus.c.obj
                0x0000000010000960                checkLRC
 .text.processReadRegister
                0x00000000100009a0       0x88 CMakeFiles/PicoW-Pi7.dir/pi7/comm_pc/modbus.c.obj
                0x00000000100009a0                processReadRegister
 .text.processWriteRegister
                0x0000000010000a28       0x90 CMakeFiles/PicoW-Pi7.dir/pi7/comm_pc/modbus.c.obj
                0x0000000010000a28                processWriteRegister
 .text.processWriteFile
                0x0000000010000ab8       0x98 CMakeFiles/PicoW-Pi7.dir/pi7/comm_pc/modbus.c.obj
                0x0000000010000ab8                processWriteFile
 .text.processMessage
                0x0000000010000b50       0x48 CMakeFiles/PicoW-Pi7.dir/pi7/comm_pc/modbus.c.obj
                0x0000000010000b50                processMessage
 .text.com_executeCommunication
                0x0000000010000b98       0xb0 CMakeFiles/PicoW-Pi7.dir/pi7/comm_pc/modbus.c.obj
                0x0000000010000b98                com_executeCommunication
 .text.pic_init
                0x0000000010000c48        0x2 CMakeFiles/PicoW-Pi7.dir/pi7/comm_pic/comm_pic.c.obj
                0x0000000010000c48                pic_init
 *fill*         0x0000000010000c4a        0x2 
 .text.pic_sendToPIC
                0x0000000010000c4c       0x54 CMakeFiles/PicoW-Pi7.dir/pi7/comm_pic/comm_pic.c.obj
                0x0000000010000c4c                pic_sendToPIC
 .text.ctl_init
                0x0000000010000ca0        0x2 CMakeFiles/PicoW-Pi7.dir/pi7/command_interpreter/command_interpreter.c.obj
                0x0000000010000ca0                ctl_init
 .text.ctl_ReadRegister
                0x0000000010000ca2       0x44 CMakeFiles/PicoW-Pi7.dir/pi7/command_interpreter/command_interpreter.c.obj
                0x0000000010000ca2                ctl_ReadRegister
 *fill*         0x0000000010000ce6        0x2 
 .text.ctl_WriteRegister
                0x0000000010000ce8       0x4c CMakeFiles/PicoW-Pi7.dir/pi7/command_interpreter/command_interpreter.c.obj
                0x0000000010000ce8                ctl_WriteRegister
 .text.tcl_generateSetpoint
                0x0000000010000d34       0x5c CMakeFiles/PicoW-Pi7.dir/pi7/trj_control/trj_control.c.obj
                0x0000000010000d34                tcl_generateSetpoint
 .text.tcl_processCommand
                0x0000000010000d90       0x40 CMakeFiles/PicoW-Pi7.dir/pi7/trj_control/trj_control.c.obj
                0x0000000010000d90                tcl_processCommand
 .text.tcl_init
                0x0000000010000dd0        0xc CMakeFiles/PicoW-Pi7.dir/pi7/trj_control/trj_control.c.obj
                0x0000000010000dd0                tcl_init
 .text.tpr_getLine
                0x0000000010000ddc       0x1c CMakeFiles/PicoW-Pi7.dir/pi7/trj_program/trj_program.c.obj
                0x0000000010000ddc                tpr_getLine
 .text.tpr_init
                0x0000000010000df8       0x24 CMakeFiles/PicoW-Pi7.dir/pi7/trj_program/trj_program.c.obj
                0x0000000010000df8                tpr_init
 .text.tst_getCurrentLine
                0x0000000010000e1c        0xc CMakeFiles/PicoW-Pi7.dir/pi7/trj_state/trj_state.c.obj
                0x0000000010000e1c                tst_getCurrentLine
 .text.tst_setCurrentLine
                0x0000000010000e28        0xc CMakeFiles/PicoW-Pi7.dir/pi7/trj_state/trj_state.c.obj
                0x0000000010000e28                tst_setCurrentLine
 .text.tst_getX
                0x0000000010000e34        0xc CMakeFiles/PicoW-Pi7.dir/pi7/trj_state/trj_state.c.obj
                0x0000000010000e34                tst_getX
 .text.tst_getY
                0x0000000010000e40        0xc CMakeFiles/PicoW-Pi7.dir/pi7/trj_state/trj_state.c.obj
                0x0000000010000e40                tst_getY
 .text.tst_getZ
                0x0000000010000e4c        0xc CMakeFiles/PicoW-Pi7.dir/pi7/trj_state/trj_state.c.obj
                0x0000000010000e4c                tst_getZ
 .text.tst_init
                0x0000000010000e58        0x2 CMakeFiles/PicoW-Pi7.dir/pi7/trj_state/trj_state.c.obj
                0x0000000010000e58                tst_init
 *fill*         0x0000000010000e5a        0x2 
 .text.gpio_set_function
                0x0000000010000e5c       0x30 CMakeFiles/PicoW-Pi7.dir/home/consmariano/PicoW-pi7/pico-sdk/src/rp2_common/hardware_gpio/gpio.c.obj
                0x0000000010000e5c                gpio_set_function
 .text.gpio_set_pulls
                0x0000000010000e8c       0x34 CMakeFiles/PicoW-Pi7.dir/home/consmariano/PicoW-pi7/pico-sdk/src/rp2_common/hardware_gpio/gpio.c.obj
                0x0000000010000e8c                gpio_set_pulls
 .text.gpio_set_input_hysteresis_enabled
                0x0000000010000ec0       0x30 CMakeFiles/PicoW-Pi7.dir/home/consmariano/PicoW-pi7/pico-sdk/src/rp2_common/hardware_gpio/gpio.c.obj
                0x0000000010000ec0                gpio_set_input_hysteresis_enabled
 .text.gpio_add_raw_irq_handler_with_order_priority_masked
                0x0000000010000ef0       0x40 CMakeFiles/PicoW-Pi7.dir/home/consmariano/PicoW-pi7/pico-sdk/src/rp2_common/hardware_gpio/gpio.c.obj
                0x0000000010000ef0                gpio_add_raw_irq_handler_with_order_priority_masked
 .text.gpio_remove_raw_irq_handler_masked
                0x0000000010000f30       0x48 CMakeFiles/PicoW-Pi7.dir/home/consmariano/PicoW-pi7/pico-sdk/src/rp2_common/hardware_gpio/gpio.c.obj
                0x0000000010000f30                gpio_remove_raw_irq_handler_masked
 .text.gpio_acknowledge_irq
                0x0000000010000f78       0x18 CMakeFiles/PicoW-Pi7.dir/home/consmariano/PicoW-pi7/pico-sdk/src/rp2_common/hardware_gpio/gpio.c.obj
                0x0000000010000f78                gpio_acknowledge_irq
 .text._gpio_set_irq_enabled
                0x0000000010000f90       0x34 CMakeFiles/PicoW-Pi7.dir/home/consmariano/PicoW-pi7/pico-sdk/src/rp2_common/hardware_gpio/gpio.c.obj
 .text.gpio_set_irq_enabled
                0x0000000010000fc4       0x20 CMakeFiles/PicoW-Pi7.dir/home/consmariano/PicoW-pi7/pico-sdk/src/rp2_common/hardware_gpio/gpio.c.obj
                0x0000000010000fc4                gpio_set_irq_enabled
 .text.gpio_init
                0x0000000010000fe4       0x16 CMakeFiles/PicoW-Pi7.dir/home/consmariano/PicoW-pi7/pico-sdk/src/rp2_common/hardware_gpio/gpio.c.obj
                0x0000000010000fe4                gpio_init
 *fill*         0x0000000010000ffa        0x2 
 .text.running_on_fpga
                0x0000000010000ffc       0x14 CMakeFiles/PicoW-Pi7.dir/home/consmariano/PicoW-pi7/pico-sdk/src/rp2_common/pico_platform/platform.c.obj
                0x0000000010000ffc                running_on_fpga
 .text.hw_claim_lock
                0x0000000010001010       0x18 CMakeFiles/PicoW-Pi7.dir/home/consmariano/PicoW-pi7/pico-sdk/src/rp2_common/hardware_claim/claim.c.obj
                0x0000000010001010                hw_claim_lock
 .text.hw_claim_unlock
                0x0000000010001028       0x14 CMakeFiles/PicoW-Pi7.dir/home/consmariano/PicoW-pi7/pico-sdk/src/rp2_common/hardware_claim/claim.c.obj
                0x0000000010001028                hw_claim_unlock
 .text.hw_claim_or_assert
                0x000000001000103c       0x32 CMakeFiles/PicoW-Pi7.dir/home/consmariano/PicoW-pi7/pico-sdk/src/rp2_common/hardware_claim/claim.c.obj
                0x000000001000103c                hw_claim_or_assert
 .text.hw_claim_unused_from_range
                0x000000001000106e       0x50 CMakeFiles/PicoW-Pi7.dir/home/consmariano/PicoW-pi7/pico-sdk/src/rp2_common/hardware_claim/claim.c.obj
                0x000000001000106e                hw_claim_unused_from_range
 *fill*         0x00000000100010be        0x2 
 .text.hw_claim_clear
                0x00000000100010c0       0x40 CMakeFiles/PicoW-Pi7.dir/home/consmariano/PicoW-pi7/pico-sdk/src/rp2_common/hardware_claim/claim.c.obj
                0x00000000100010c0                hw_claim_clear
 .text.spin_locks_reset
                0x0000000010001100       0x20 CMakeFiles/PicoW-Pi7.dir/home/consmariano/PicoW-pi7/pico-sdk/src/rp2_common/hardware_sync/sync.c.obj
                0x0000000010001100                spin_locks_reset
 .text.next_striped_spin_lock_num
                0x0000000010001120       0x1c CMakeFiles/PicoW-Pi7.dir/home/consmariano/PicoW-pi7/pico-sdk/src/rp2_common/hardware_sync/sync.c.obj
                0x0000000010001120                next_striped_spin_lock_num
 .text.spin_lock_claim
                0x000000001000113c       0x18 CMakeFiles/PicoW-Pi7.dir/home/consmariano/PicoW-pi7/pico-sdk/src/rp2_common/hardware_sync/sync.c.obj
                0x000000001000113c                spin_lock_claim
 .text.spin_lock_claim_unused
                0x0000000010001154       0x20 CMakeFiles/PicoW-Pi7.dir/home/consmariano/PicoW-pi7/pico-sdk/src/rp2_common/hardware_sync/sync.c.obj
                0x0000000010001154                spin_lock_claim_unused
 .text.set_raw_irq_handler_and_unlock
                0x0000000010001174       0x28 CMakeFiles/PicoW-Pi7.dir/home/consmariano/PicoW-pi7/pico-sdk/src/rp2_common/hardware_irq/irq.c.obj
 .text.get_user_irq_claim_index
                0x000000001000119c        0x6 CMakeFiles/PicoW-Pi7.dir/home/consmariano/PicoW-pi7/pico-sdk/src/rp2_common/hardware_irq/irq.c.obj
 *fill*         0x00000000100011a2        0x2 
 .text.make_branch
                0x00000000100011a4       0x48 CMakeFiles/PicoW-Pi7.dir/home/consmariano/PicoW-pi7/pico-sdk/src/rp2_common/hardware_irq/irq.c.obj
 .text.insert_branch_and_link
                0x00000000100011ec       0x40 CMakeFiles/PicoW-Pi7.dir/home/consmariano/PicoW-pi7/pico-sdk/src/rp2_common/hardware_irq/irq.c.obj
 .text.irq_is_enabled
                0x000000001000122c       0x18 CMakeFiles/PicoW-Pi7.dir/home/consmariano/PicoW-pi7/pico-sdk/src/rp2_common/hardware_irq/irq.c.obj
                0x000000001000122c                irq_is_enabled
 .text.irq_set_mask_enabled
                0x0000000010001244       0x20 CMakeFiles/PicoW-Pi7.dir/home/consmariano/PicoW-pi7/pico-sdk/src/rp2_common/hardware_irq/irq.c.obj
                0x0000000010001244                irq_set_mask_enabled
 .text.irq_set_enabled
                0x0000000010001264        0xe CMakeFiles/PicoW-Pi7.dir/home/consmariano/PicoW-pi7/pico-sdk/src/rp2_common/hardware_irq/irq.c.obj
                0x0000000010001264                irq_set_enabled
 *fill*         0x0000000010001272        0x2 
 .text.irq_set_pending
                0x0000000010001274       0x10 CMakeFiles/PicoW-Pi7.dir/home/consmariano/PicoW-pi7/pico-sdk/src/rp2_common/hardware_irq/irq.c.obj
                0x0000000010001274                irq_set_pending
 .text.irq_get_vtable_handler
                0x0000000010001284       0x10 CMakeFiles/PicoW-Pi7.dir/home/consmariano/PicoW-pi7/pico-sdk/src/rp2_common/hardware_irq/irq.c.obj
                0x0000000010001284                irq_get_vtable_handler
 .text.irq_has_shared_handler
                0x0000000010001294       0x24 CMakeFiles/PicoW-Pi7.dir/home/consmariano/PicoW-pi7/pico-sdk/src/rp2_common/hardware_irq/irq.c.obj
                0x0000000010001294                irq_has_shared_handler
 .text.irq_set_exclusive_handler
                0x00000000100012b8       0x54 CMakeFiles/PicoW-Pi7.dir/home/consmariano/PicoW-pi7/pico-sdk/src/rp2_common/hardware_irq/irq.c.obj
                0x00000000100012b8                irq_set_exclusive_handler
 .text.irq_add_shared_handler
                0x000000001000130c      0x234 CMakeFiles/PicoW-Pi7.dir/home/consmariano/PicoW-pi7/pico-sdk/src/rp2_common/hardware_irq/irq.c.obj
                0x000000001000130c                irq_add_shared_handler
 .text.irq_remove_handler
                0x0000000010001540      0x1ac CMakeFiles/PicoW-Pi7.dir/home/consmariano/PicoW-pi7/pico-sdk/src/rp2_common/hardware_irq/irq.c.obj
                0x0000000010001540                irq_remove_handler
 .text.irq_set_priority
                0x00000000100016ec       0x28 CMakeFiles/PicoW-Pi7.dir/home/consmariano/PicoW-pi7/pico-sdk/src/rp2_common/hardware_irq/irq.c.obj
                0x00000000100016ec                irq_set_priority
 .text.irq_add_tail_to_free_list
                0x0000000010001714       0xf0 CMakeFiles/PicoW-Pi7.dir/home/consmariano/PicoW-pi7/pico-sdk/src/rp2_common/hardware_irq/irq.c.obj
                0x0000000010001714                irq_add_tail_to_free_list
 .text.irq_init_priorities
                0x0000000010001804       0x1c CMakeFiles/PicoW-Pi7.dir/home/consmariano/PicoW-pi7/pico-sdk/src/rp2_common/hardware_irq/irq.c.obj
                0x0000000010001804                irq_init_priorities
 .text.user_irq_unclaim
                0x0000000010001820       0x14 CMakeFiles/PicoW-Pi7.dir/home/consmariano/PicoW-pi7/pico-sdk/src/rp2_common/hardware_irq/irq.c.obj
                0x0000000010001820                user_irq_unclaim
 .text.user_irq_claim_unused
                0x0000000010001834       0x28 CMakeFiles/PicoW-Pi7.dir/home/consmariano/PicoW-pi7/pico-sdk/src/rp2_common/hardware_irq/irq.c.obj
                0x0000000010001834                user_irq_claim_unused
 .text.sem_init
                0x000000001000185c       0x1e CMakeFiles/PicoW-Pi7.dir/home/consmariano/PicoW-pi7/pico-sdk/src/common/pico_sync/sem.c.obj
                0x000000001000185c                sem_init
 *fill*         0x000000001000187a        0x2 
 .text.lock_init
                0x000000001000187c       0x10 CMakeFiles/PicoW-Pi7.dir/home/consmariano/PicoW-pi7/pico-sdk/src/common/pico_sync/lock_core.c.obj
                0x000000001000187c                lock_init
 .text.mutex_init
                0x000000001000188c       0x1c CMakeFiles/PicoW-Pi7.dir/home/consmariano/PicoW-pi7/pico-sdk/src/common/pico_sync/mutex.c.obj
                0x000000001000188c                mutex_init
 .text.recursive_mutex_init
                0x00000000100018a8       0x20 CMakeFiles/PicoW-Pi7.dir/home/consmariano/PicoW-pi7/pico-sdk/src/common/pico_sync/mutex.c.obj
                0x00000000100018a8                recursive_mutex_init
 .text.critical_section_init_with_lock_num
                0x00000000100018c8       0x14 CMakeFiles/PicoW-Pi7.dir/home/consmariano/PicoW-pi7/pico-sdk/src/common/pico_sync/critical_section.c.obj
                0x00000000100018c8                critical_section_init_with_lock_num
 .text.critical_section_init
                0x00000000100018dc       0x14 CMakeFiles/PicoW-Pi7.dir/home/consmariano/PicoW-pi7/pico-sdk/src/common/pico_sync/critical_section.c.obj
                0x00000000100018dc                critical_section_init
 .text.alarm_pool_post_alloc_init
                0x00000000100018f0       0x40 CMakeFiles/PicoW-Pi7.dir/home/consmariano/PicoW-pi7/pico-sdk/src/common/pico_time/time.c.obj
 .text.sleep_until_callback
                0x0000000010001930       0x28 CMakeFiles/PicoW-Pi7.dir/home/consmariano/PicoW-pi7/pico-sdk/src/common/pico_time/time.c.obj
 .text.timer_pool_entry_comparator
                0x0000000010001958       0x7c CMakeFiles/PicoW-Pi7.dir/home/consmariano/PicoW-pi7/pico-sdk/src/common/pico_time/time.c.obj
                0x0000000010001958                timer_pool_entry_comparator
 .text.ph_add_child_node
                0x00000000100019d4       0xa4 CMakeFiles/PicoW-Pi7.dir/home/consmariano/PicoW-pi7/pico-sdk/src/common/pico_time/time.c.obj
 .text.ph_merge_nodes
                0x0000000010001a78       0x3e CMakeFiles/PicoW-Pi7.dir/home/consmariano/PicoW-pi7/pico-sdk/src/common/pico_time/time.c.obj
 *fill*         0x0000000010001ab6        0x2 
 .text.add_alarm_under_lock
                0x0000000010001ab8      0x174 CMakeFiles/PicoW-Pi7.dir/home/consmariano/PicoW-pi7/pico-sdk/src/common/pico_time/time.c.obj
 .text.alarm_pool_alarm_callback
                0x0000000010001c2c      0x33c CMakeFiles/PicoW-Pi7.dir/home/consmariano/PicoW-pi7/pico-sdk/src/common/pico_time/time.c.obj
 .text.alarm_pool_init_default
                0x0000000010001f68       0x40 CMakeFiles/PicoW-Pi7.dir/home/consmariano/PicoW-pi7/pico-sdk/src/common/pico_time/time.c.obj
                0x0000000010001f68                alarm_pool_init_default
 .text.alarm_pool_get_default
                0x0000000010001fa8       0x2c CMakeFiles/PicoW-Pi7.dir/home/consmariano/PicoW-pi7/pico-sdk/src/common/pico_time/time.c.obj
                0x0000000010001fa8                alarm_pool_get_default
 .text.alarm_pool_create_with_unused_hardware_alarm
                0x0000000010001fd4       0x44 CMakeFiles/PicoW-Pi7.dir/home/consmariano/PicoW-pi7/pico-sdk/src/common/pico_time/time.c.obj
                0x0000000010001fd4                alarm_pool_create_with_unused_hardware_alarm
 .text.alarm_pool_destroy
                0x0000000010002018       0x78 CMakeFiles/PicoW-Pi7.dir/home/consmariano/PicoW-pi7/pico-sdk/src/common/pico_time/time.c.obj
                0x0000000010002018                alarm_pool_destroy
 .text.alarm_pool_add_alarm_at
                0x0000000010002090      0x168 CMakeFiles/PicoW-Pi7.dir/home/consmariano/PicoW-pi7/pico-sdk/src/common/pico_time/time.c.obj
                0x0000000010002090                alarm_pool_add_alarm_at
 .text.alarm_pool_add_alarm_at_force_in_context
                0x00000000100021f8       0xa4 CMakeFiles/PicoW-Pi7.dir/home/consmariano/PicoW-pi7/pico-sdk/src/common/pico_time/time.c.obj
                0x00000000100021f8                alarm_pool_add_alarm_at_force_in_context
 .text.alarm_pool_cancel_alarm
                0x000000001000229c       0xf8 CMakeFiles/PicoW-Pi7.dir/home/consmariano/PicoW-pi7/pico-sdk/src/common/pico_time/time.c.obj
                0x000000001000229c                alarm_pool_cancel_alarm
 .text.alarm_pool_core_num
                0x0000000010002394        0x4 CMakeFiles/PicoW-Pi7.dir/home/consmariano/PicoW-pi7/pico-sdk/src/common/pico_time/time.c.obj
                0x0000000010002394                alarm_pool_core_num
 .text.sleep_until
                0x0000000010002398       0xf0 CMakeFiles/PicoW-Pi7.dir/home/consmariano/PicoW-pi7/pico-sdk/src/common/pico_time/time.c.obj
                0x0000000010002398                sleep_until
 .text.sleep_us
                0x0000000010002488       0x58 CMakeFiles/PicoW-Pi7.dir/home/consmariano/PicoW-pi7/pico-sdk/src/common/pico_time/time.c.obj
                0x0000000010002488                sleep_us
 .text.sleep_ms
                0x00000000100024e0       0x14 CMakeFiles/PicoW-Pi7.dir/home/consmariano/PicoW-pi7/pico-sdk/src/common/pico_time/time.c.obj
                0x00000000100024e0                sleep_ms
 .text.best_effort_wfe_or_timeout
                0x00000000100024f4       0xac CMakeFiles/PicoW-Pi7.dir/home/consmariano/PicoW-pi7/pico-sdk/src/common/pico_time/time.c.obj
                0x00000000100024f4                best_effort_wfe_or_timeout
 .text.hardware_alarm_irq_handler
                0x00000000100025a0       0x90 CMakeFiles/PicoW-Pi7.dir/home/consmariano/PicoW-pi7/pico-sdk/src/rp2_common/hardware_timer/timer.c.obj
 .text.hardware_alarm_claim
                0x0000000010002630       0x18 CMakeFiles/PicoW-Pi7.dir/home/consmariano/PicoW-pi7/pico-sdk/src/rp2_common/hardware_timer/timer.c.obj
                0x0000000010002630                hardware_alarm_claim
 .text.hardware_alarm_unclaim
                0x0000000010002648       0x10 CMakeFiles/PicoW-Pi7.dir/home/consmariano/PicoW-pi7/pico-sdk/src/rp2_common/hardware_timer/timer.c.obj
                0x0000000010002648                hardware_alarm_unclaim
 .text.hardware_alarm_claim_unused
                0x0000000010002658       0x20 CMakeFiles/PicoW-Pi7.dir/home/consmariano/PicoW-pi7/pico-sdk/src/rp2_common/hardware_timer/timer.c.obj
                0x0000000010002658                hardware_alarm_claim_unused
 .text.time_us_64
                0x0000000010002678       0x18 CMakeFiles/PicoW-Pi7.dir/home/consmariano/PicoW-pi7/pico-sdk/src/rp2_common/hardware_timer/timer.c.obj
                0x0000000010002678                time_us_64
 .text.busy_wait_until
                0x0000000010002690       0x28 CMakeFiles/PicoW-Pi7.dir/home/consmariano/PicoW-pi7/pico-sdk/src/rp2_common/hardware_timer/timer.c.obj
                0x0000000010002690                busy_wait_until
 .text.busy_wait_us
                0x00000000100026b8       0x48 CMakeFiles/PicoW-Pi7.dir/home/consmariano/PicoW-pi7/pico-sdk/src/rp2_common/hardware_timer/timer.c.obj
                0x00000000100026b8                busy_wait_us
 .text.hardware_alarm_set_callback
                0x0000000010002700       0x90 CMakeFiles/PicoW-Pi7.dir/home/consmariano/PicoW-pi7/pico-sdk/src/rp2_common/hardware_timer/timer.c.obj
                0x0000000010002700                hardware_alarm_set_callback
 .text.hardware_alarm_set_target
                0x0000000010002790       0xe8 CMakeFiles/PicoW-Pi7.dir/home/consmariano/PicoW-pi7/pico-sdk/src/rp2_common/hardware_timer/timer.c.obj
                0x0000000010002790                hardware_alarm_set_target
 .text.hardware_alarm_cancel
                0x0000000010002878       0x40 CMakeFiles/PicoW-Pi7.dir/home/consmariano/PicoW-pi7/pico-sdk/src/rp2_common/hardware_timer/timer.c.obj
                0x0000000010002878                hardware_alarm_cancel
 .text.hardware_alarm_force_irq
                0x00000000100028b8       0x40 CMakeFiles/PicoW-Pi7.dir/home/consmariano/PicoW-pi7/pico-sdk/src/rp2_common/hardware_timer/timer.c.obj
                0x00000000100028b8                hardware_alarm_force_irq
 .text.ph_add_child_node
                0x00000000100028f8       0xa4 CMakeFiles/PicoW-Pi7.dir/home/consmariano/PicoW-pi7/pico-sdk/src/common/pico_util/pheap.c.obj
 .text.ph_merge_nodes
                0x000000001000299c       0x3e CMakeFiles/PicoW-Pi7.dir/home/consmariano/PicoW-pi7/pico-sdk/src/common/pico_util/pheap.c.obj
 *fill*         0x00000000100029da        0x2 
 .text.ph_clear
                0x00000000100029dc       0x70 CMakeFiles/PicoW-Pi7.dir/home/consmariano/PicoW-pi7/pico-sdk/src/common/pico_util/pheap.c.obj
                0x00000000100029dc                ph_clear
 .text.ph_post_alloc_init
                0x0000000010002a4c        0xe CMakeFiles/PicoW-Pi7.dir/home/consmariano/PicoW-pi7/pico-sdk/src/common/pico_util/pheap.c.obj
                0x0000000010002a4c                ph_post_alloc_init
 .text.ph_create
                0x0000000010002a5a       0x2c CMakeFiles/PicoW-Pi7.dir/home/consmariano/PicoW-pi7/pico-sdk/src/common/pico_util/pheap.c.obj
                0x0000000010002a5a                ph_create
 .text.ph_destroy
                0x0000000010002a86       0x12 CMakeFiles/PicoW-Pi7.dir/home/consmariano/PicoW-pi7/pico-sdk/src/common/pico_util/pheap.c.obj
                0x0000000010002a86                ph_destroy
 .text.ph_merge_two_pass
                0x0000000010002a98       0xa8 CMakeFiles/PicoW-Pi7.dir/home/consmariano/PicoW-pi7/pico-sdk/src/common/pico_util/pheap.c.obj
                0x0000000010002a98                ph_merge_two_pass
 .text.ph_remove_any_head
                0x0000000010002b40      0x128 CMakeFiles/PicoW-Pi7.dir/home/consmariano/PicoW-pi7/pico-sdk/src/common/pico_util/pheap.c.obj
 .text.ph_remove_head
                0x0000000010002c68       0x14 CMakeFiles/PicoW-Pi7.dir/home/consmariano/PicoW-pi7/pico-sdk/src/common/pico_util/pheap.c.obj
                0x0000000010002c68                ph_remove_head
 .text.ph_remove_and_free_node
                0x0000000010002c7c       0xf8 CMakeFiles/PicoW-Pi7.dir/home/consmariano/PicoW-pi7/pico-sdk/src/common/pico_util/pheap.c.obj
                0x0000000010002c7c                ph_remove_and_free_node
 .text.uart_disable_before_lcr_write
                0x0000000010002d74       0x48 CMakeFiles/PicoW-Pi7.dir/home/consmariano/PicoW-pi7/pico-sdk/src/rp2_common/hardware_uart/uart.c.obj
 .text.uart_write_lcr_bits_masked
                0x0000000010002dbc       0x22 CMakeFiles/PicoW-Pi7.dir/home/consmariano/PicoW-pi7/pico-sdk/src/rp2_common/hardware_uart/uart.c.obj
 *fill*         0x0000000010002dde        0x2 
 .text.uart_set_baudrate
                0x0000000010002de0       0x5c CMakeFiles/PicoW-Pi7.dir/home/consmariano/PicoW-pi7/pico-sdk/src/rp2_common/hardware_uart/uart.c.obj
                0x0000000010002de0                uart_set_baudrate
 .text.uart_set_format
                0x0000000010002e3c       0x2c CMakeFiles/PicoW-Pi7.dir/home/consmariano/PicoW-pi7/pico-sdk/src/rp2_common/hardware_uart/uart.c.obj
                0x0000000010002e3c                uart_set_format
 .text.uart_set_translate_crlf
                0x0000000010002e68       0x28 CMakeFiles/PicoW-Pi7.dir/home/consmariano/PicoW-pi7/pico-sdk/src/rp2_common/hardware_uart/uart.c.obj
                0x0000000010002e68                uart_set_translate_crlf
 .text.uart_init
                0x0000000010002e90       0x80 CMakeFiles/PicoW-Pi7.dir/home/consmariano/PicoW-pi7/pico-sdk/src/rp2_common/hardware_uart/uart.c.obj
                0x0000000010002e90                uart_init
 .text.clock_configure
                0x0000000010002f10      0x108 CMakeFiles/PicoW-Pi7.dir/home/consmariano/PicoW-pi7/pico-sdk/src/rp2_common/hardware_clocks/clocks.c.obj
                0x0000000010002f10                clock_configure
 .text.clocks_init
                0x0000000010003018      0x100 CMakeFiles/PicoW-Pi7.dir/home/consmariano/PicoW-pi7/pico-sdk/src/rp2_common/hardware_clocks/clocks.c.obj
                0x0000000010003018                clocks_init
 .text.clock_get_hz
                0x0000000010003118        0xc CMakeFiles/PicoW-Pi7.dir/home/consmariano/PicoW-pi7/pico-sdk/src/rp2_common/hardware_clocks/clocks.c.obj
                0x0000000010003118                clock_get_hz
 .text.pll_init
                0x0000000010003124      0x120 CMakeFiles/PicoW-Pi7.dir/home/consmariano/PicoW-pi7/pico-sdk/src/rp2_common/hardware_pll/pll.c.obj
                0x0000000010003124                pll_init
 .text.watchdog_start_tick
                0x0000000010003244       0x10 CMakeFiles/PicoW-Pi7.dir/home/consmariano/PicoW-pi7/pico-sdk/src/rp2_common/hardware_watchdog/watchdog.c.obj
                0x0000000010003244                watchdog_start_tick
 .text.watchdog_update
                0x0000000010003254       0x14 CMakeFiles/PicoW-Pi7.dir/home/consmariano/PicoW-pi7/pico-sdk/src/rp2_common/hardware_watchdog/watchdog.c.obj
                0x0000000010003254                watchdog_update
 .text._watchdog_enable
                0x0000000010003268       0x78 CMakeFiles/PicoW-Pi7.dir/home/consmariano/PicoW-pi7/pico-sdk/src/rp2_common/hardware_watchdog/watchdog.c.obj
                0x0000000010003268                _watchdog_enable
 .text.watchdog_reboot
                0x00000000100032e0       0x48 CMakeFiles/PicoW-Pi7.dir/home/consmariano/PicoW-pi7/pico-sdk/src/rp2_common/hardware_watchdog/watchdog.c.obj
                0x00000000100032e0                watchdog_reboot
 .text.xosc_init
                0x0000000010003328       0x28 CMakeFiles/PicoW-Pi7.dir/home/consmariano/PicoW-pi7/pico-sdk/src/rp2_common/hardware_xosc/xosc.c.obj
                0x0000000010003328                xosc_init
 .text._exit    0x0000000010003350        0x4 CMakeFiles/PicoW-Pi7.dir/home/consmariano/PicoW-pi7/pico-sdk/src/rp2_common/pico_runtime/runtime.c.obj
                0x0000000010003350                _exit
 .text._sbrk    0x0000000010003354       0x38 CMakeFiles/PicoW-Pi7.dir/home/consmariano/PicoW-pi7/pico-sdk/src/rp2_common/pico_runtime/runtime.c.obj
                0x0000000010003354                _sbrk
 .text.exit     0x000000001000338c        0x6 CMakeFiles/PicoW-Pi7.dir/home/consmariano/PicoW-pi7/pico-sdk/src/rp2_common/pico_runtime/runtime.c.obj
                0x000000001000338c                exit
 *fill*         0x0000000010003392        0x2 
 .text.__assert_func
                0x0000000010003394       0x3c CMakeFiles/PicoW-Pi7.dir/home/consmariano/PicoW-pi7/pico-sdk/src/rp2_common/pico_runtime/runtime.c.obj
                0x0000000010003394                __assert_func
 .text.runtime_init
                0x00000000100033d0       0xf8 CMakeFiles/PicoW-Pi7.dir/home/consmariano/PicoW-pi7/pico-sdk/src/rp2_common/pico_runtime/runtime.c.obj
                0x00000000100033d0                runtime_init
 .text.panic    0x00000000100034c8       0x30 CMakeFiles/PicoW-Pi7.dir/home/consmariano/PicoW-pi7/pico-sdk/src/rp2_common/pico_runtime/runtime.c.obj
                0x00000000100034c8                panic
 .text.panic_unsupported
                0x00000000100034f8        0xc CMakeFiles/PicoW-Pi7.dir/home/consmariano/PicoW-pi7/pico-sdk/src/rp2_common/pico_runtime/runtime.c.obj
                0x00000000100034f8                panic_unsupported
 .text._out_buffer
                0x0000000010003504        0x8 CMakeFiles/PicoW-Pi7.dir/home/consmariano/PicoW-pi7/pico-sdk/src/rp2_common/pico_printf/printf.c.obj
 .text._out_null
                0x000000001000350c        0x2 CMakeFiles/PicoW-Pi7.dir/home/consmariano/PicoW-pi7/pico-sdk/src/rp2_common/pico_printf/printf.c.obj
 .text._out_fct
                0x000000001000350e        0xe CMakeFiles/PicoW-Pi7.dir/home/consmariano/PicoW-pi7/pico-sdk/src/rp2_common/pico_printf/printf.c.obj
 .text._atoi    0x000000001000351c       0x24 CMakeFiles/PicoW-Pi7.dir/home/consmariano/PicoW-pi7/pico-sdk/src/rp2_common/pico_printf/printf.c.obj
 .text._out_rev
                0x0000000010003540       0xae CMakeFiles/PicoW-Pi7.dir/home/consmariano/PicoW-pi7/pico-sdk/src/rp2_common/pico_printf/printf.c.obj
 .text._ntoa_format
                0x00000000100035ee      0x112 CMakeFiles/PicoW-Pi7.dir/home/consmariano/PicoW-pi7/pico-sdk/src/rp2_common/pico_printf/printf.c.obj
 .text._ntoa_long
                0x0000000010003700       0xbc CMakeFiles/PicoW-Pi7.dir/home/consmariano/PicoW-pi7/pico-sdk/src/rp2_common/pico_printf/printf.c.obj
 .text._ntoa_long_long
                0x00000000100037bc       0xe2 CMakeFiles/PicoW-Pi7.dir/home/consmariano/PicoW-pi7/pico-sdk/src/rp2_common/pico_printf/printf.c.obj
 *fill*         0x000000001000389e        0x2 
 .text._etoa    0x00000000100038a0      0x414 CMakeFiles/PicoW-Pi7.dir/home/consmariano/PicoW-pi7/pico-sdk/src/rp2_common/pico_printf/printf.c.obj
 .text._ftoa    0x0000000010003cb4      0x354 CMakeFiles/PicoW-Pi7.dir/home/consmariano/PicoW-pi7/pico-sdk/src/rp2_common/pico_printf/printf.c.obj
 .text._vsnprintf
                0x0000000010004008      0x624 CMakeFiles/PicoW-Pi7.dir/home/consmariano/PicoW-pi7/pico-sdk/src/rp2_common/pico_printf/printf.c.obj
 .text.__wrap_sprintf
                0x000000001000462c       0x28 CMakeFiles/PicoW-Pi7.dir/home/consmariano/PicoW-pi7/pico-sdk/src/rp2_common/pico_printf/printf.c.obj
                0x000000001000462c                __wrap_sprintf
 .text.vfctprintf
                0x0000000010004654       0x20 CMakeFiles/PicoW-Pi7.dir/home/consmariano/PicoW-pi7/pico-sdk/src/rp2_common/pico_printf/printf.c.obj
                0x0000000010004654                vfctprintf
 .text          0x0000000010004674       0x10 CMakeFiles/PicoW-Pi7.dir/home/consmariano/PicoW-pi7/pico-sdk/src/rp2_common/pico_bit_ops/bit_ops_aeabi.S.obj
 .text.ctzsi    0x0000000010004684        0xc CMakeFiles/PicoW-Pi7.dir/home/consmariano/PicoW-pi7/pico-sdk/src/rp2_common/pico_bit_ops/bit_ops_aeabi.S.obj
                0x0000000010004684                __wrap___ctzsi2
 .text.rom_func_lookup
                0x0000000010004690       0x10 CMakeFiles/PicoW-Pi7.dir/home/consmariano/PicoW-pi7/pico-sdk/src/rp2_common/pico_bootrom/bootrom.c.obj
                0x0000000010004690                rom_func_lookup
 .text.rom_data_lookup
                0x00000000100046a0       0x10 CMakeFiles/PicoW-Pi7.dir/home/consmariano/PicoW-pi7/pico-sdk/src/rp2_common/pico_bootrom/bootrom.c.obj
                0x00000000100046a0                rom_data_lookup
 .text.rom_funcs_lookup
                0x00000000100046b0       0x36 CMakeFiles/PicoW-Pi7.dir/home/consmariano/PicoW-pi7/pico-sdk/src/rp2_common/pico_bootrom/bootrom.c.obj
                0x00000000100046b0                rom_funcs_lookup
 *fill*         0x00000000100046e6        0x2 
 .text.__wrap___aeabi_idiv
                0x00000000100046e8       0x50 CMakeFiles/PicoW-Pi7.dir/home/consmariano/PicoW-pi7/pico-sdk/src/rp2_common/pico_divider/divider.S.obj
                0x00000000100046e8                __wrap___aeabi_idivmod
                0x00000000100046e8                divmod_s32s32
                0x00000000100046e8                div_s32s32
                0x00000000100046e8                __wrap___aeabi_idiv
                0x00000000100046f0                divmod_s32s32_unsafe
                0x000000001000471c                divmod_s32s32_savestate
 .text.__wrap___aeabi_uidiv
                0x0000000010004738       0x4c CMakeFiles/PicoW-Pi7.dir/home/consmariano/PicoW-pi7/pico-sdk/src/rp2_common/pico_divider/divider.S.obj
                0x0000000010004738                __wrap___aeabi_uidiv
                0x0000000010004738                __wrap___aeabi_uidivmod
                0x0000000010004738                div_u32u32
                0x0000000010004738                divmod_u32u32
                0x0000000010004740                divmod_u32u32_unsafe
                0x0000000010004768                divmod_u32u32_savestate
 .text.__wrap___aeabi_ldiv
                0x0000000010004784      0x424 CMakeFiles/PicoW-Pi7.dir/home/consmariano/PicoW-pi7/pico-sdk/src/rp2_common/pico_divider/divider.S.obj
                0x0000000010004784                div_s64s64
                0x0000000010004784                divmod_s64s64
                0x0000000010004784                __wrap___aeabi_ldivmod
                0x00000000100047b4                div_u64u64
                0x00000000100047b4                divmod_u64u64
                0x00000000100047b4                __wrap___aeabi_uldivmod
                0x00000000100047c4                divmod_u64u64_savestate
                0x00000000100047e4                divmod_s64s64_unsafe
                0x000000001000486c                divmod_u64u64_unsafe
 .text.__wrap___aeabi_darithmetic
                0x0000000010004ba8       0x60 CMakeFiles/PicoW-Pi7.dir/home/consmariano/PicoW-pi7/pico-sdk/src/rp2_common/pico_double/double_aeabi.S.obj
                0x0000000010004ba8                __wrap___aeabi_drsub
                0x0000000010004bae                __wrap___aeabi_dsub
                0x0000000010004bb8                __wrap___aeabi_dadd
                0x0000000010004bc2                __wrap___aeabi_ddiv
                0x0000000010004bf6                __wrap___aeabi_dmul
 .text.__wrap___aeabi_cdcmple
                0x0000000010004c08       0x6c CMakeFiles/PicoW-Pi7.dir/home/consmariano/PicoW-pi7/pico-sdk/src/rp2_common/pico_double/double_aeabi.S.obj
                0x0000000010004c08                __wrap___aeabi_cdrcmple
                0x0000000010004c18                __wrap___aeabi_cdcmple
                0x0000000010004c18                __wrap___aeabi_cdcmpeq
 .text.__wrap___aeabi_dcmplt
                0x0000000010004c74        0xc CMakeFiles/PicoW-Pi7.dir/home/consmariano/PicoW-pi7/pico-sdk/src/rp2_common/pico_double/double_aeabi.S.obj
                0x0000000010004c74                __wrap___aeabi_dcmplt
 .text.__wrap___aeabi_dcmple
                0x0000000010004c80       0x10 CMakeFiles/PicoW-Pi7.dir/home/consmariano/PicoW-pi7/pico-sdk/src/rp2_common/pico_double/double_aeabi.S.obj
                0x0000000010004c80                __wrap___aeabi_dcmple
 .text.__wrap___aeabi_dcmpge
                0x0000000010004c90       0x10 CMakeFiles/PicoW-Pi7.dir/home/consmariano/PicoW-pi7/pico-sdk/src/rp2_common/pico_double/double_aeabi.S.obj
                0x0000000010004c90                __wrap___aeabi_dcmpge
 .text.__wrap___aeabi_dcmpgt
                0x0000000010004ca0        0xa CMakeFiles/PicoW-Pi7.dir/home/consmariano/PicoW-pi7/pico-sdk/src/rp2_common/pico_double/double_aeabi.S.obj
                0x0000000010004ca0                __wrap___aeabi_dcmpgt
 .text.__wrap___aeabi_dcmpun
                0x0000000010004caa       0x1c CMakeFiles/PicoW-Pi7.dir/home/consmariano/PicoW-pi7/pico-sdk/src/rp2_common/pico_double/double_aeabi.S.obj
                0x0000000010004caa                __wrap___aeabi_dcmpun
 *fill*         0x0000000010004cc6        0x2 
 .text.__wrap___aeabi_i2d
                0x0000000010004cc8       0x38 CMakeFiles/PicoW-Pi7.dir/home/consmariano/PicoW-pi7/pico-sdk/src/rp2_common/pico_double/double_aeabi.S.obj
                0x0000000010004cc8                __wrap___aeabi_ui2d
                0x0000000010004cd0                __wrap___aeabi_i2d
 .text.__wrap___aeabi_d2iz
                0x0000000010004d00       0x48 CMakeFiles/PicoW-Pi7.dir/home/consmariano/PicoW-pi7/pico-sdk/src/rp2_common/pico_double/double_aeabi.S.obj
                0x0000000010004d00                __wrap___aeabi_d2iz
                0x0000000010004d00                double2int_z
 .text.__wrap___aeabi_d2uiz
                0x0000000010004d48       0x10 CMakeFiles/PicoW-Pi7.dir/home/consmariano/PicoW-pi7/pico-sdk/src/rp2_common/pico_double/double_aeabi.S.obj
                0x0000000010004d48                double2uint
                0x0000000010004d48                __wrap___aeabi_d2uiz
 .text.missing_double_func_shim
                0x0000000010004d58        0xc CMakeFiles/PicoW-Pi7.dir/home/consmariano/PicoW-pi7/pico-sdk/src/rp2_common/pico_double/double_init_rom.c.obj
 .text.__aeabi_double_init
                0x0000000010004d64       0xcc CMakeFiles/PicoW-Pi7.dir/home/consmariano/PicoW-pi7/pico-sdk/src/rp2_common/pico_double/double_init_rom.c.obj
                0x0000000010004d64                __aeabi_double_init
 .text.double_table_shim_on_use_helper
                0x0000000010004e30       0x34 CMakeFiles/PicoW-Pi7.dir/home/consmariano/PicoW-pi7/pico-sdk/src/rp2_common/pico_double/double_v1_rom_shim.S.obj
                0x0000000010004e30                double_table_shim_on_use_helper
 .text.__aeabi_lmul
                0x0000000010004e64       0x32 CMakeFiles/PicoW-Pi7.dir/home/consmariano/PicoW-pi7/pico-sdk/src/rp2_common/pico_int64_ops/pico_int64_ops_aeabi.S.obj
                0x0000000010004e64                __wrap___aeabi_lmul
 .text.__wrap___aeabi_f2iz
                0x0000000010004e96       0x4e CMakeFiles/PicoW-Pi7.dir/home/consmariano/PicoW-pi7/pico-sdk/src/rp2_common/pico_float/float_aeabi.S.obj
                0x0000000010004e96                __wrap___aeabi_f2iz
                0x0000000010004e96                float2int_z
 .text.float2int
                0x0000000010004ee4        0xc CMakeFiles/PicoW-Pi7.dir/home/consmariano/PicoW-pi7/pico-sdk/src/rp2_common/pico_float/float_aeabi.S.obj
                0x0000000010004ee4                float2int
 .text.__wrap___aeabi_f2uiz
                0x0000000010004ef0        0xc CMakeFiles/PicoW-Pi7.dir/home/consmariano/PicoW-pi7/pico-sdk/src/rp2_common/pico_float/float_aeabi.S.obj
                0x0000000010004ef0                __wrap___aeabi_f2uiz
 .text.__wrap___aeabi_f2d
                0x0000000010004efc        0xc CMakeFiles/PicoW-Pi7.dir/home/consmariano/PicoW-pi7/pico-sdk/src/rp2_common/pico_float/float_aeabi.S.obj
                0x0000000010004efc                __wrap___aeabi_f2d
 .text.missing_float_func_shim
                0x0000000010004f08        0xc CMakeFiles/PicoW-Pi7.dir/home/consmariano/PicoW-pi7/pico-sdk/src/rp2_common/pico_float/float_init_rom.c.obj
 .text.__aeabi_float_init
                0x0000000010004f14       0x88 CMakeFiles/PicoW-Pi7.dir/home/consmariano/PicoW-pi7/pico-sdk/src/rp2_common/pico_float/float_init_rom.c.obj
                0x0000000010004f14                __aeabi_float_init
 .text.__wrap_malloc
                0x0000000010004f9c       0x3c CMakeFiles/PicoW-Pi7.dir/home/consmariano/PicoW-pi7/pico-sdk/src/rp2_common/pico_malloc/pico_malloc.c.obj
                0x0000000010004f9c                __wrap_malloc
 .text.__wrap_calloc
                0x0000000010004fd8       0x40 CMakeFiles/PicoW-Pi7.dir/home/consmariano/PicoW-pi7/pico-sdk/src/rp2_common/pico_malloc/pico_malloc.c.obj
                0x0000000010004fd8                __wrap_calloc
 .text.__wrap_free
                0x0000000010005018       0x20 CMakeFiles/PicoW-Pi7.dir/home/consmariano/PicoW-pi7/pico-sdk/src/rp2_common/pico_malloc/pico_malloc.c.obj
                0x0000000010005018                __wrap_free
 .text          0x0000000010005038       0x10 CMakeFiles/PicoW-Pi7.dir/home/consmariano/PicoW-pi7/pico-sdk/src/rp2_common/pico_mem_ops/mem_ops_aeabi.S.obj
                0x0000000010005038                __aeabi_mem_init
 .text.memset   0x0000000010005048        0xc CMakeFiles/PicoW-Pi7.dir/home/consmariano/PicoW-pi7/pico-sdk/src/rp2_common/pico_mem_ops/mem_ops_aeabi.S.obj
                0x0000000010005048                __wrap_memset
 .text.memcpy   0x0000000010005054        0xc CMakeFiles/PicoW-Pi7.dir/home/consmariano/PicoW-pi7/pico-sdk/src/rp2_common/pico_mem_ops/mem_ops_aeabi.S.obj
                0x0000000010005054                __wrap___aeabi_memcpy
                0x0000000010005054                __wrap_memcpy
 .text.stdio_out_chars_no_crlf
                0x0000000010005060        0xe CMakeFiles/PicoW-Pi7.dir/home/consmariano/PicoW-pi7/pico-sdk/src/rp2_common/pico_stdio/stdio.c.obj
 *fill*         0x000000001000506e        0x2 
 .text.stdio_out_chars_crlf
                0x0000000010005070       0x80 CMakeFiles/PicoW-Pi7.dir/home/consmariano/PicoW-pi7/pico-sdk/src/rp2_common/pico_stdio/stdio.c.obj
 .text.stdio_stack_buffer_flush
                0x00000000100050f0       0x44 CMakeFiles/PicoW-Pi7.dir/home/consmariano/PicoW-pi7/pico-sdk/src/rp2_common/pico_stdio/stdio.c.obj
 .text.stdio_buffered_printer
                0x0000000010005134       0x20 CMakeFiles/PicoW-Pi7.dir/home/consmariano/PicoW-pi7/pico-sdk/src/rp2_common/pico_stdio/stdio.c.obj
 .text.stdio_get_until
                0x0000000010005154       0x80 CMakeFiles/PicoW-Pi7.dir/home/consmariano/PicoW-pi7/pico-sdk/src/rp2_common/pico_stdio/stdio.c.obj
 .text.stdout_serialize_begin
                0x00000000100051d4       0x5c CMakeFiles/PicoW-Pi7.dir/home/consmariano/PicoW-pi7/pico-sdk/src/rp2_common/pico_stdio/stdio.c.obj
                0x00000000100051d4                stdout_serialize_begin
 .text.stdout_serialize_end
                0x0000000010005230       0x10 CMakeFiles/PicoW-Pi7.dir/home/consmariano/PicoW-pi7/pico-sdk/src/rp2_common/pico_stdio/stdio.c.obj
                0x0000000010005230                stdout_serialize_end
 .text.stdio_put_string
                0x0000000010005240       0x98 CMakeFiles/PicoW-Pi7.dir/home/consmariano/PicoW-pi7/pico-sdk/src/rp2_common/pico_stdio/stdio.c.obj
 .text.__wrap_putchar
                0x00000000100052d8       0x1c CMakeFiles/PicoW-Pi7.dir/home/consmariano/PicoW-pi7/pico-sdk/src/rp2_common/pico_stdio/stdio.c.obj
                0x00000000100052d8                __wrap_putchar
 .text._read    0x00000000100052f4       0x24 CMakeFiles/PicoW-Pi7.dir/home/consmariano/PicoW-pi7/pico-sdk/src/rp2_common/pico_stdio/stdio.c.obj
                0x00000000100052f4                _read
 .text._write   0x0000000010005318       0x22 CMakeFiles/PicoW-Pi7.dir/home/consmariano/PicoW-pi7/pico-sdk/src/rp2_common/pico_stdio/stdio.c.obj
                0x0000000010005318                _write
 .text._close   0x000000001000533a        0x6 CMakeFiles/PicoW-Pi7.dir/home/consmariano/PicoW-pi7/pico-sdk/src/rp2_common/pico_stdio/stdio.c.obj
                0x000000001000533a                _close
 .text._lseek   0x0000000010005340        0x6 CMakeFiles/PicoW-Pi7.dir/home/consmariano/PicoW-pi7/pico-sdk/src/rp2_common/pico_stdio/stdio.c.obj
                0x0000000010005340                _lseek
 .text._fstat   0x0000000010005346        0x6 CMakeFiles/PicoW-Pi7.dir/home/consmariano/PicoW-pi7/pico-sdk/src/rp2_common/pico_stdio/stdio.c.obj
                0x0000000010005346                _fstat
 .text._isatty  0x000000001000534c        0xc CMakeFiles/PicoW-Pi7.dir/home/consmariano/PicoW-pi7/pico-sdk/src/rp2_common/pico_stdio/stdio.c.obj
                0x000000001000534c                _isatty
 .text.stdio_set_driver_enabled
                0x0000000010005358       0x2c CMakeFiles/PicoW-Pi7.dir/home/consmariano/PicoW-pi7/pico-sdk/src/rp2_common/pico_stdio/stdio.c.obj
                0x0000000010005358                stdio_set_driver_enabled
 .text.stdio_flush
                0x0000000010005384       0x20 CMakeFiles/PicoW-Pi7.dir/home/consmariano/PicoW-pi7/pico-sdk/src/rp2_common/pico_stdio/stdio.c.obj
                0x0000000010005384                stdio_flush
 .text.__wrap_puts
                0x00000000100053a4       0x1e CMakeFiles/PicoW-Pi7.dir/home/consmariano/PicoW-pi7/pico-sdk/src/rp2_common/pico_stdio/stdio.c.obj
                0x00000000100053a4                __wrap_puts
 *fill*         0x00000000100053c2        0x2 
 .text.__wrap_vprintf
                0x00000000100053c4       0x40 CMakeFiles/PicoW-Pi7.dir/home/consmariano/PicoW-pi7/pico-sdk/src/rp2_common/pico_stdio/stdio.c.obj
                0x00000000100053c4                __wrap_vprintf
 .text.__wrap_printf
                0x0000000010005404       0x18 CMakeFiles/PicoW-Pi7.dir/home/consmariano/PicoW-pi7/pico-sdk/src/rp2_common/pico_stdio/stdio.c.obj
                0x0000000010005404                __wrap_printf
 .text.stdio_init_all
                0x000000001000541c        0x8 CMakeFiles/PicoW-Pi7.dir/home/consmariano/PicoW-pi7/pico-sdk/src/rp2_common/pico_stdio/stdio.c.obj
                0x000000001000541c                stdio_init_all
 .text.getchar_timeout_us
                0x0000000010005424       0x80 CMakeFiles/PicoW-Pi7.dir/home/consmariano/PicoW-pi7/pico-sdk/src/rp2_common/pico_stdio/stdio.c.obj
                0x0000000010005424                getchar_timeout_us
 .text.resetd_init
                0x00000000100054a4        0x2 CMakeFiles/PicoW-Pi7.dir/home/consmariano/PicoW-pi7/pico-sdk/src/rp2_common/pico_stdio_usb/reset_interface.c.obj
 *fill*         0x00000000100054a6        0x2 
 .text.resetd_reset
                0x00000000100054a8        0xc CMakeFiles/PicoW-Pi7.dir/home/consmariano/PicoW-pi7/pico-sdk/src/rp2_common/pico_stdio_usb/reset_interface.c.obj
 .text.resetd_open
                0x00000000100054b4       0x34 CMakeFiles/PicoW-Pi7.dir/home/consmariano/PicoW-pi7/pico-sdk/src/rp2_common/pico_stdio_usb/reset_interface.c.obj
 .text.resetd_xfer_cb
                0x00000000100054e8        0x4 CMakeFiles/PicoW-Pi7.dir/home/consmariano/PicoW-pi7/pico-sdk/src/rp2_common/pico_stdio_usb/reset_interface.c.obj
 .text.reset_usb_boot
                0x00000000100054ec       0x18 CMakeFiles/PicoW-Pi7.dir/home/consmariano/PicoW-pi7/pico-sdk/src/rp2_common/pico_stdio_usb/reset_interface.c.obj
 .text.resetd_control_xfer_cb
                0x0000000010005504       0x5c CMakeFiles/PicoW-Pi7.dir/home/consmariano/PicoW-pi7/pico-sdk/src/rp2_common/pico_stdio_usb/reset_interface.c.obj
 .text.usbd_app_driver_get_cb
                0x0000000010005560        0xc CMakeFiles/PicoW-Pi7.dir/home/consmariano/PicoW-pi7/pico-sdk/src/rp2_common/pico_stdio_usb/reset_interface.c.obj
                0x0000000010005560                usbd_app_driver_get_cb
 .text.tud_cdc_line_coding_cb
                0x000000001000556c       0x28 CMakeFiles/PicoW-Pi7.dir/home/consmariano/PicoW-pi7/pico-sdk/src/rp2_common/pico_stdio_usb/reset_interface.c.obj
                0x000000001000556c                tud_cdc_line_coding_cb
 .text.stdio_usb_set_chars_available_callback
                0x0000000010005594       0x14 CMakeFiles/PicoW-Pi7.dir/home/consmariano/PicoW-pi7/pico-sdk/src/rp2_common/pico_stdio_usb/stdio_usb.c.obj
                0x0000000010005594                stdio_usb_set_chars_available_callback
 .text.usb_irq  0x00000000100055a8       0x10 CMakeFiles/PicoW-Pi7.dir/home/consmariano/PicoW-pi7/pico-sdk/src/rp2_common/pico_stdio_usb/stdio_usb.c.obj
 .text.timer_task
                0x00000000100055b8       0x5c CMakeFiles/PicoW-Pi7.dir/home/consmariano/PicoW-pi7/pico-sdk/src/rp2_common/pico_stdio_usb/stdio_usb.c.obj
 .text.low_priority_worker_irq
                0x0000000010005614       0xdc CMakeFiles/PicoW-Pi7.dir/home/consmariano/PicoW-pi7/pico-sdk/src/rp2_common/pico_stdio_usb/stdio_usb.c.obj
 .text.tud_cdc_rx_cb
                0x00000000100056f0       0x20 CMakeFiles/PicoW-Pi7.dir/home/consmariano/PicoW-pi7/pico-sdk/src/rp2_common/pico_stdio_usb/stdio_usb.c.obj
                0x00000000100056f0                tud_cdc_rx_cb
 .text.stdio_usb_init
                0x0000000010005710      0x11c CMakeFiles/PicoW-Pi7.dir/home/consmariano/PicoW-pi7/pico-sdk/src/rp2_common/pico_stdio_usb/stdio_usb.c.obj
                0x0000000010005710                stdio_usb_init
 .text.stdio_usb_connected
                0x000000001000582c        0xa CMakeFiles/PicoW-Pi7.dir/home/consmariano/PicoW-pi7/pico-sdk/src/rp2_common/pico_stdio_usb/stdio_usb.c.obj
                0x000000001000582c                stdio_usb_connected
 *fill*         0x0000000010005836        0x2 
 .text.stdio_usb_in_chars
                0x0000000010005838       0xc4 CMakeFiles/PicoW-Pi7.dir/home/consmariano/PicoW-pi7/pico-sdk/src/rp2_common/pico_stdio_usb/stdio_usb.c.obj
                0x0000000010005838                stdio_usb_in_chars
 .text.stdio_usb_out_chars
                0x00000000100058fc      0x114 CMakeFiles/PicoW-Pi7.dir/home/consmariano/PicoW-pi7/pico-sdk/src/rp2_common/pico_stdio_usb/stdio_usb.c.obj
 .text.tud_descriptor_device_cb
                0x0000000010005a10        0x8 CMakeFiles/PicoW-Pi7.dir/home/consmariano/PicoW-pi7/pico-sdk/src/rp2_common/pico_stdio_usb/stdio_usb_descriptors.c.obj
                0x0000000010005a10                tud_descriptor_device_cb
 .text.tud_descriptor_configuration_cb
                0x0000000010005a18        0x8 CMakeFiles/PicoW-Pi7.dir/home/consmariano/PicoW-pi7/pico-sdk/src/rp2_common/pico_stdio_usb/stdio_usb_descriptors.c.obj
                0x0000000010005a18                tud_descriptor_configuration_cb
 .text.tud_descriptor_string_cb
                0x0000000010005a20       0x6c CMakeFiles/PicoW-Pi7.dir/home/consmariano/PicoW-pi7/pico-sdk/src/rp2_common/pico_stdio_usb/stdio_usb_descriptors.c.obj
                0x0000000010005a20                tud_descriptor_string_cb
 .text._retrieve_unique_id_on_boot
                0x0000000010005a8c       0x10 CMakeFiles/PicoW-Pi7.dir/home/consmariano/PicoW-pi7/pico-sdk/src/rp2_common/pico_unique_id/unique_id.c.obj
 .text.pico_get_unique_board_id
                0x0000000010005a9c       0x10 CMakeFiles/PicoW-Pi7.dir/home/consmariano/PicoW-pi7/pico-sdk/src/rp2_common/pico_unique_id/unique_id.c.obj
                0x0000000010005a9c                pico_get_unique_board_id
 .text.pico_get_unique_board_id_string
                0x0000000010005aac       0x60 CMakeFiles/PicoW-Pi7.dir/home/consmariano/PicoW-pi7/pico-sdk/src/rp2_common/pico_unique_id/unique_id.c.obj
                0x0000000010005aac                pico_get_unique_board_id_string
 .text.flash_get_unique_id
                0x0000000010005b0c       0x46 CMakeFiles/PicoW-Pi7.dir/home/consmariano/PicoW-pi7/pico-sdk/src/rp2_common/hardware_flash/flash.c.obj
                0x0000000010005b0c                flash_get_unique_id
 *fill*         0x0000000010005b52        0x2 
 .text.hw_endpoint_get_by_addr
                0x0000000010005b54       0x18 CMakeFiles/PicoW-Pi7.dir/home/consmariano/PicoW-pi7/pico-sdk/lib/tinyusb/src/portable/raspberrypi/rp2040/dcd_rp2040.c.obj
 .text._hw_endpoint_alloc
                0x0000000010005b6c       0x70 CMakeFiles/PicoW-Pi7.dir/home/consmariano/PicoW-pi7/pico-sdk/lib/tinyusb/src/portable/raspberrypi/rp2040/dcd_rp2040.c.obj
 .text.hw_endpoint_init
                0x0000000010005bdc       0x88 CMakeFiles/PicoW-Pi7.dir/home/consmariano/PicoW-pi7/pico-sdk/lib/tinyusb/src/portable/raspberrypi/rp2040/dcd_rp2040.c.obj
 .text.hw_endpoint_xfer
                0x0000000010005c64       0x14 CMakeFiles/PicoW-Pi7.dir/home/consmariano/PicoW-pi7/pico-sdk/lib/tinyusb/src/portable/raspberrypi/rp2040/dcd_rp2040.c.obj
 .text.dcd_int_enable
                0x0000000010005c78       0x2c CMakeFiles/PicoW-Pi7.dir/home/consmariano/PicoW-pi7/pico-sdk/lib/tinyusb/src/portable/raspberrypi/rp2040/dcd_rp2040.c.obj
                0x0000000010005c78                dcd_int_enable
 .text.dcd_set_address
                0x0000000010005ca4       0x2c CMakeFiles/PicoW-Pi7.dir/home/consmariano/PicoW-pi7/pico-sdk/lib/tinyusb/src/portable/raspberrypi/rp2040/dcd_rp2040.c.obj
                0x0000000010005ca4                dcd_set_address
 .text.dcd_connect
                0x0000000010005cd0       0x10 CMakeFiles/PicoW-Pi7.dir/home/consmariano/PicoW-pi7/pico-sdk/lib/tinyusb/src/portable/raspberrypi/rp2040/dcd_rp2040.c.obj
                0x0000000010005cd0                dcd_connect
 .text.dcd_init
                0x0000000010005ce0       0x80 CMakeFiles/PicoW-Pi7.dir/home/consmariano/PicoW-pi7/pico-sdk/lib/tinyusb/src/portable/raspberrypi/rp2040/dcd_rp2040.c.obj
                0x0000000010005ce0                dcd_init
 .text.dcd_edpt0_status_complete
                0x0000000010005d60       0x1c CMakeFiles/PicoW-Pi7.dir/home/consmariano/PicoW-pi7/pico-sdk/lib/tinyusb/src/portable/raspberrypi/rp2040/dcd_rp2040.c.obj
                0x0000000010005d60                dcd_edpt0_status_complete
 .text.dcd_edpt_open
                0x0000000010005d7c       0x40 CMakeFiles/PicoW-Pi7.dir/home/consmariano/PicoW-pi7/pico-sdk/lib/tinyusb/src/portable/raspberrypi/rp2040/dcd_rp2040.c.obj
                0x0000000010005d7c                dcd_edpt_open
 .text.dcd_edpt_close_all
                0x0000000010005dbc        0x8 CMakeFiles/PicoW-Pi7.dir/home/consmariano/PicoW-pi7/pico-sdk/lib/tinyusb/src/portable/raspberrypi/rp2040/dcd_rp2040.c.obj
                0x0000000010005dbc                dcd_edpt_close_all
 .text.dcd_edpt_xfer
                0x0000000010005dc4       0x34 CMakeFiles/PicoW-Pi7.dir/home/consmariano/PicoW-pi7/pico-sdk/lib/tinyusb/src/portable/raspberrypi/rp2040/dcd_rp2040.c.obj
                0x0000000010005dc4                dcd_edpt_xfer
 .text.dcd_edpt_stall
                0x0000000010005df8       0x2c CMakeFiles/PicoW-Pi7.dir/home/consmariano/PicoW-pi7/pico-sdk/lib/tinyusb/src/portable/raspberrypi/rp2040/dcd_rp2040.c.obj
                0x0000000010005df8                dcd_edpt_stall
 .text.dcd_edpt_clear_stall
                0x0000000010005e24       0x20 CMakeFiles/PicoW-Pi7.dir/home/consmariano/PicoW-pi7/pico-sdk/lib/tinyusb/src/portable/raspberrypi/rp2040/dcd_rp2040.c.obj
                0x0000000010005e24                dcd_edpt_clear_stall
 .text.rp2040_usb_init
                0x0000000010005e44       0x4c CMakeFiles/PicoW-Pi7.dir/home/consmariano/PicoW-pi7/pico-sdk/lib/tinyusb/src/portable/raspberrypi/rp2040/rp2040_usb.c.obj
                0x0000000010005e44                rp2040_usb_init
 .text.hw_endpoint_xfer_start
                0x0000000010005e90       0x50 CMakeFiles/PicoW-Pi7.dir/home/consmariano/PicoW-pi7/pico-sdk/lib/tinyusb/src/portable/raspberrypi/rp2040/rp2040_usb.c.obj
                0x0000000010005e90                hw_endpoint_xfer_start
 .text.configuration_reset
                0x0000000010005ee0       0x84 CMakeFiles/PicoW-Pi7.dir/home/consmariano/PicoW-pi7/pico-sdk/lib/tinyusb/src/device/usbd.c.obj
 .text.usbd_reset
                0x0000000010005f64        0xc CMakeFiles/PicoW-Pi7.dir/home/consmariano/PicoW-pi7/pico-sdk/lib/tinyusb/src/device/usbd.c.obj
 .text.invoke_class_control
                0x0000000010005f70       0x1a CMakeFiles/PicoW-Pi7.dir/home/consmariano/PicoW-pi7/pico-sdk/lib/tinyusb/src/device/usbd.c.obj
 *fill*         0x0000000010005f8a        0x2 
 .text.process_set_config
                0x0000000010005f8c      0x178 CMakeFiles/PicoW-Pi7.dir/home/consmariano/PicoW-pi7/pico-sdk/lib/tinyusb/src/device/usbd.c.obj
 .text.process_get_descriptor
                0x0000000010006104       0xdc CMakeFiles/PicoW-Pi7.dir/home/consmariano/PicoW-pi7/pico-sdk/lib/tinyusb/src/device/usbd.c.obj
 .text.tud_mounted
                0x00000000100061e0       0x10 CMakeFiles/PicoW-Pi7.dir/home/consmariano/PicoW-pi7/pico-sdk/lib/tinyusb/src/device/usbd.c.obj
                0x00000000100061e0                tud_mounted
 .text.tud_suspended
                0x00000000100061f0       0x10 CMakeFiles/PicoW-Pi7.dir/home/consmariano/PicoW-pi7/pico-sdk/lib/tinyusb/src/device/usbd.c.obj
                0x00000000100061f0                tud_suspended
 .text.tud_inited
                0x0000000010006200       0x14 CMakeFiles/PicoW-Pi7.dir/home/consmariano/PicoW-pi7/pico-sdk/lib/tinyusb/src/device/usbd.c.obj
                0x0000000010006200                tud_inited
 .text.tud_init
                0x0000000010006214       0xcc CMakeFiles/PicoW-Pi7.dir/home/consmariano/PicoW-pi7/pico-sdk/lib/tinyusb/src/device/usbd.c.obj
                0x0000000010006214                tud_init
 .text.usbd_defer_func
                0x00000000100062e0       0x2a CMakeFiles/PicoW-Pi7.dir/home/consmariano/PicoW-pi7/pico-sdk/lib/tinyusb/src/device/usbd.c.obj
                0x00000000100062e0                usbd_defer_func
 *fill*         0x000000001000630a        0x2 
 .text.usbd_edpt_open
                0x000000001000630c       0x34 CMakeFiles/PicoW-Pi7.dir/home/consmariano/PicoW-pi7/pico-sdk/lib/tinyusb/src/device/usbd.c.obj
                0x000000001000630c                usbd_edpt_open
 .text.usbd_open_edpt_pair
                0x0000000010006340       0x62 CMakeFiles/PicoW-Pi7.dir/home/consmariano/PicoW-pi7/pico-sdk/lib/tinyusb/src/device/usbd.c.obj
                0x0000000010006340                usbd_open_edpt_pair
 *fill*         0x00000000100063a2        0x2 
 .text.usbd_edpt_claim
                0x00000000100063a4       0x28 CMakeFiles/PicoW-Pi7.dir/home/consmariano/PicoW-pi7/pico-sdk/lib/tinyusb/src/device/usbd.c.obj
                0x00000000100063a4                usbd_edpt_claim
 .text.usbd_edpt_release
                0x00000000100063cc       0x28 CMakeFiles/PicoW-Pi7.dir/home/consmariano/PicoW-pi7/pico-sdk/lib/tinyusb/src/device/usbd.c.obj
                0x00000000100063cc                usbd_edpt_release
 .text.usbd_edpt_xfer
                0x00000000100063f4       0x78 CMakeFiles/PicoW-Pi7.dir/home/consmariano/PicoW-pi7/pico-sdk/lib/tinyusb/src/device/usbd.c.obj
                0x00000000100063f4                usbd_edpt_xfer
 .text.usbd_edpt_stall
                0x000000001000646c       0x48 CMakeFiles/PicoW-Pi7.dir/home/consmariano/PicoW-pi7/pico-sdk/lib/tinyusb/src/device/usbd.c.obj
                0x000000001000646c                usbd_edpt_stall
 .text.usbd_edpt_clear_stall
                0x00000000100064b4       0x48 CMakeFiles/PicoW-Pi7.dir/home/consmariano/PicoW-pi7/pico-sdk/lib/tinyusb/src/device/usbd.c.obj
                0x00000000100064b4                usbd_edpt_clear_stall
 .text.usbd_edpt_stalled
                0x00000000100064fc       0x1c CMakeFiles/PicoW-Pi7.dir/home/consmariano/PicoW-pi7/pico-sdk/lib/tinyusb/src/device/usbd.c.obj
                0x00000000100064fc                usbd_edpt_stalled
 .text.process_control_request
                0x0000000010006518      0x37c CMakeFiles/PicoW-Pi7.dir/home/consmariano/PicoW-pi7/pico-sdk/lib/tinyusb/src/device/usbd.c.obj
 .text.tud_task_ext
                0x0000000010006894      0x1b8 CMakeFiles/PicoW-Pi7.dir/home/consmariano/PicoW-pi7/pico-sdk/lib/tinyusb/src/device/usbd.c.obj
                0x0000000010006894                tud_task_ext
 .text._data_stage_xact
                0x0000000010006a4c       0x58 CMakeFiles/PicoW-Pi7.dir/home/consmariano/PicoW-pi7/pico-sdk/lib/tinyusb/src/device/usbd_control.c.obj
 .text.tud_control_status
                0x0000000010006aa4       0x38 CMakeFiles/PicoW-Pi7.dir/home/consmariano/PicoW-pi7/pico-sdk/lib/tinyusb/src/device/usbd_control.c.obj
                0x0000000010006aa4                tud_control_status
 .text.tud_control_xfer
                0x0000000010006adc       0x74 CMakeFiles/PicoW-Pi7.dir/home/consmariano/PicoW-pi7/pico-sdk/lib/tinyusb/src/device/usbd_control.c.obj
                0x0000000010006adc                tud_control_xfer
 .text.usbd_control_reset
                0x0000000010006b50       0x14 CMakeFiles/PicoW-Pi7.dir/home/consmariano/PicoW-pi7/pico-sdk/lib/tinyusb/src/device/usbd_control.c.obj
                0x0000000010006b50                usbd_control_reset
 .text.usbd_control_set_complete_callback
                0x0000000010006b64        0xc CMakeFiles/PicoW-Pi7.dir/home/consmariano/PicoW-pi7/pico-sdk/lib/tinyusb/src/device/usbd_control.c.obj
                0x0000000010006b64                usbd_control_set_complete_callback
 .text.usbd_control_set_request
                0x0000000010006b70       0x1c CMakeFiles/PicoW-Pi7.dir/home/consmariano/PicoW-pi7/pico-sdk/lib/tinyusb/src/device/usbd_control.c.obj
                0x0000000010006b70                usbd_control_set_request
 .text.usbd_control_xfer_cb
                0x0000000010006b8c       0xcc CMakeFiles/PicoW-Pi7.dir/home/consmariano/PicoW-pi7/pico-sdk/lib/tinyusb/src/device/usbd_control.c.obj
                0x0000000010006b8c                usbd_control_xfer_cb
 .text._prep_out_transaction
                0x0000000010006c58       0x4a CMakeFiles/PicoW-Pi7.dir/home/consmariano/PicoW-pi7/pico-sdk/lib/tinyusb/src/class/cdc/cdc_device.c.obj
 *fill*         0x0000000010006ca2        0x2 
 .text.tud_cdc_n_connected
                0x0000000010006ca4       0x44 CMakeFiles/PicoW-Pi7.dir/home/consmariano/PicoW-pi7/pico-sdk/lib/tinyusb/src/class/cdc/cdc_device.c.obj
                0x0000000010006ca4                tud_cdc_n_connected
 .text.tud_cdc_n_available
                0x0000000010006ce8       0x18 CMakeFiles/PicoW-Pi7.dir/home/consmariano/PicoW-pi7/pico-sdk/lib/tinyusb/src/class/cdc/cdc_device.c.obj
                0x0000000010006ce8                tud_cdc_n_available
 .text.tud_cdc_n_read
                0x0000000010006d00       0x28 CMakeFiles/PicoW-Pi7.dir/home/consmariano/PicoW-pi7/pico-sdk/lib/tinyusb/src/class/cdc/cdc_device.c.obj
                0x0000000010006d00                tud_cdc_n_read
 .text.tud_cdc_n_write_flush
                0x0000000010006d28       0xb8 CMakeFiles/PicoW-Pi7.dir/home/consmariano/PicoW-pi7/pico-sdk/lib/tinyusb/src/class/cdc/cdc_device.c.obj
                0x0000000010006d28                tud_cdc_n_write_flush
 .text.tud_cdc_n_write
                0x0000000010006de0       0x38 CMakeFiles/PicoW-Pi7.dir/home/consmariano/PicoW-pi7/pico-sdk/lib/tinyusb/src/class/cdc/cdc_device.c.obj
                0x0000000010006de0                tud_cdc_n_write
 .text.tud_cdc_n_write_available
                0x0000000010006e18       0x1c CMakeFiles/PicoW-Pi7.dir/home/consmariano/PicoW-pi7/pico-sdk/lib/tinyusb/src/class/cdc/cdc_device.c.obj
                0x0000000010006e18                tud_cdc_n_write_available
 .text.cdcd_init
                0x0000000010006e34       0xbc CMakeFiles/PicoW-Pi7.dir/home/consmariano/PicoW-pi7/pico-sdk/lib/tinyusb/src/class/cdc/cdc_device.c.obj
                0x0000000010006e34                cdcd_init
 .text.cdcd_reset
                0x0000000010006ef0       0x44 CMakeFiles/PicoW-Pi7.dir/home/consmariano/PicoW-pi7/pico-sdk/lib/tinyusb/src/class/cdc/cdc_device.c.obj
                0x0000000010006ef0                cdcd_reset
 .text.cdcd_open
                0x0000000010006f34       0xcc CMakeFiles/PicoW-Pi7.dir/home/consmariano/PicoW-pi7/pico-sdk/lib/tinyusb/src/class/cdc/cdc_device.c.obj
                0x0000000010006f34                cdcd_open
 .text.cdcd_control_xfer_cb
                0x0000000010007000      0x134 CMakeFiles/PicoW-Pi7.dir/home/consmariano/PicoW-pi7/pico-sdk/lib/tinyusb/src/class/cdc/cdc_device.c.obj
                0x0000000010007000                cdcd_control_xfer_cb
 .text.cdcd_xfer_cb
                0x0000000010007134      0x130 CMakeFiles/PicoW-Pi7.dir/home/consmariano/PicoW-pi7/pico-sdk/lib/tinyusb/src/class/cdc/cdc_device.c.obj
                0x0000000010007134                cdcd_xfer_cb
 .text.tusb_init
                0x0000000010007264        0xa CMakeFiles/PicoW-Pi7.dir/home/consmariano/PicoW-pi7/pico-sdk/lib/tinyusb/src/tusb.c.obj
                0x0000000010007264                tusb_init
 .text.tusb_inited
                0x000000001000726e        0xe CMakeFiles/PicoW-Pi7.dir/home/consmariano/PicoW-pi7/pico-sdk/lib/tinyusb/src/tusb.c.obj
                0x000000001000726e                tusb_inited
 .text.tu_edpt_claim
                0x000000001000727c       0x50 CMakeFiles/PicoW-Pi7.dir/home/consmariano/PicoW-pi7/pico-sdk/lib/tinyusb/src/tusb.c.obj
                0x000000001000727c                tu_edpt_claim
 .text.tu_edpt_release
                0x00000000100072cc       0x3c CMakeFiles/PicoW-Pi7.dir/home/consmariano/PicoW-pi7/pico-sdk/lib/tinyusb/src/tusb.c.obj
                0x00000000100072cc                tu_edpt_release
 .text.tu_edpt_validate
                0x0000000010007308       0x78 CMakeFiles/PicoW-Pi7.dir/home/consmariano/PicoW-pi7/pico-sdk/lib/tinyusb/src/tusb.c.obj
                0x0000000010007308                tu_edpt_validate
 .text.tu_edpt_bind_driver
                0x0000000010007380       0x26 CMakeFiles/PicoW-Pi7.dir/home/consmariano/PicoW-pi7/pico-sdk/lib/tinyusb/src/tusb.c.obj
                0x0000000010007380                tu_edpt_bind_driver
 .text.advance_index
                0x00000000100073a6       0x1a CMakeFiles/PicoW-Pi7.dir/home/consmariano/PicoW-pi7/pico-sdk/lib/tinyusb/src/common/tusb_fifo.c.obj
 .text._tu_fifo_peek
                0x00000000100073c0       0x56 CMakeFiles/PicoW-Pi7.dir/home/consmariano/PicoW-pi7/pico-sdk/lib/tinyusb/src/common/tusb_fifo.c.obj
 .text._ff_pull_const_addr
                0x0000000010007416       0x4c CMakeFiles/PicoW-Pi7.dir/home/consmariano/PicoW-pi7/pico-sdk/lib/tinyusb/src/common/tusb_fifo.c.obj
 .text._ff_pull_n
                0x0000000010007462      0x110 CMakeFiles/PicoW-Pi7.dir/home/consmariano/PicoW-pi7/pico-sdk/lib/tinyusb/src/common/tusb_fifo.c.obj
 .text._tu_fifo_peek_n
                0x0000000010007572       0x6a CMakeFiles/PicoW-Pi7.dir/home/consmariano/PicoW-pi7/pico-sdk/lib/tinyusb/src/common/tusb_fifo.c.obj
 .text._tu_fifo_read_n
                0x00000000100075dc       0x4e CMakeFiles/PicoW-Pi7.dir/home/consmariano/PicoW-pi7/pico-sdk/lib/tinyusb/src/common/tusb_fifo.c.obj
 .text._ff_push_const_addr
                0x000000001000762a       0x40 CMakeFiles/PicoW-Pi7.dir/home/consmariano/PicoW-pi7/pico-sdk/lib/tinyusb/src/common/tusb_fifo.c.obj
 .text._ff_push_n
                0x000000001000766a      0x10c CMakeFiles/PicoW-Pi7.dir/home/consmariano/PicoW-pi7/pico-sdk/lib/tinyusb/src/common/tusb_fifo.c.obj
 .text._tu_fifo_write_n
                0x0000000010007776       0xf0 CMakeFiles/PicoW-Pi7.dir/home/consmariano/PicoW-pi7/pico-sdk/lib/tinyusb/src/common/tusb_fifo.c.obj
 .text.tu_fifo_config
                0x0000000010007866       0x7c CMakeFiles/PicoW-Pi7.dir/home/consmariano/PicoW-pi7/pico-sdk/lib/tinyusb/src/common/tusb_fifo.c.obj
                0x0000000010007866                tu_fifo_config
 .text.tu_fifo_count
                0x00000000100078e2       0x2a CMakeFiles/PicoW-Pi7.dir/home/consmariano/PicoW-pi7/pico-sdk/lib/tinyusb/src/common/tusb_fifo.c.obj
                0x00000000100078e2                tu_fifo_count
 .text.tu_fifo_empty
                0x000000001000790c       0x10 CMakeFiles/PicoW-Pi7.dir/home/consmariano/PicoW-pi7/pico-sdk/lib/tinyusb/src/common/tusb_fifo.c.obj
                0x000000001000790c                tu_fifo_empty
 .text.tu_fifo_full
                0x000000001000791c       0x28 CMakeFiles/PicoW-Pi7.dir/home/consmariano/PicoW-pi7/pico-sdk/lib/tinyusb/src/common/tusb_fifo.c.obj
                0x000000001000791c                tu_fifo_full
 .text.tu_fifo_remaining
                0x0000000010007944       0x2c CMakeFiles/PicoW-Pi7.dir/home/consmariano/PicoW-pi7/pico-sdk/lib/tinyusb/src/common/tusb_fifo.c.obj
                0x0000000010007944                tu_fifo_remaining
 .text.tu_fifo_read
                0x0000000010007970       0x42 CMakeFiles/PicoW-Pi7.dir/home/consmariano/PicoW-pi7/pico-sdk/lib/tinyusb/src/common/tusb_fifo.c.obj
                0x0000000010007970                tu_fifo_read
 .text.tu_fifo_read_n
                0x00000000100079b2        0xa CMakeFiles/PicoW-Pi7.dir/home/consmariano/PicoW-pi7/pico-sdk/lib/tinyusb/src/common/tusb_fifo.c.obj
                0x00000000100079b2                tu_fifo_read_n
 .text.tu_fifo_write
                0x00000000100079bc       0x64 CMakeFiles/PicoW-Pi7.dir/home/consmariano/PicoW-pi7/pico-sdk/lib/tinyusb/src/common/tusb_fifo.c.obj
                0x00000000100079bc                tu_fifo_write
 .text.tu_fifo_write_n
                0x0000000010007a20        0xa CMakeFiles/PicoW-Pi7.dir/home/consmariano/PicoW-pi7/pico-sdk/lib/tinyusb/src/common/tusb_fifo.c.obj
                0x0000000010007a20                tu_fifo_write_n
 .text.tu_fifo_clear
                0x0000000010007a2a       0x3e CMakeFiles/PicoW-Pi7.dir/home/consmariano/PicoW-pi7/pico-sdk/lib/tinyusb/src/common/tusb_fifo.c.obj
                0x0000000010007a2a                tu_fifo_clear
 .text.tu_fifo_set_overwritable
                0x0000000010007a68       0x46 CMakeFiles/PicoW-Pi7.dir/home/consmariano/PicoW-pi7/pico-sdk/lib/tinyusb/src/common/tusb_fifo.c.obj
                0x0000000010007a68                tu_fifo_set_overwritable
 .text.core1_trampoline
                0x0000000010007aae        0x2 CMakeFiles/PicoW-Pi7.dir/home/consmariano/PicoW-pi7/pico-sdk/src/rp2_common/pico_multicore/multicore.c.obj
 .text.core1_wrapper
                0x0000000010007ab0        0xc CMakeFiles/PicoW-Pi7.dir/home/consmariano/PicoW-pi7/pico-sdk/src/rp2_common/pico_multicore/multicore.c.obj
                0x0000000010007ab0                core1_wrapper
 .text.multicore_fifo_push_blocking
                0x0000000010007abc       0x14 CMakeFiles/PicoW-Pi7.dir/home/consmariano/PicoW-pi7/pico-sdk/src/rp2_common/pico_multicore/multicore.c.obj
                0x0000000010007abc                multicore_fifo_push_blocking
 .text.multicore_fifo_pop_blocking
                0x0000000010007ad0       0x16 CMakeFiles/PicoW-Pi7.dir/home/consmariano/PicoW-pi7/pico-sdk/src/rp2_common/pico_multicore/multicore.c.obj
                0x0000000010007ad0                multicore_fifo_pop_blocking
 .text.multicore_launch_core1_raw
                0x0000000010007ae6       0x6e CMakeFiles/PicoW-Pi7.dir/home/consmariano/PicoW-pi7/pico-sdk/src/rp2_common/pico_multicore/multicore.c.obj
                0x0000000010007ae6                multicore_launch_core1_raw
 .text.multicore_launch_core1_with_stack
                0x0000000010007b54       0x50 CMakeFiles/PicoW-Pi7.dir/home/consmariano/PicoW-pi7/pico-sdk/src/rp2_common/pico_multicore/multicore.c.obj
                0x0000000010007b54                multicore_launch_core1_with_stack
 .text.multicore_launch_core1
                0x0000000010007ba4       0x24 CMakeFiles/PicoW-Pi7.dir/home/consmariano/PicoW-pi7/pico-sdk/src/rp2_common/pico_multicore/multicore.c.obj
                0x0000000010007ba4                multicore_launch_core1
 .text.cyw43_arch_set_async_context
                0x0000000010007bc8        0xc CMakeFiles/PicoW-Pi7.dir/home/consmariano/PicoW-pi7/pico-sdk/src/rp2_common/pico_cyw43_arch/cyw43_arch.c.obj
                0x0000000010007bc8                cyw43_arch_set_async_context
 .text.cyw43_arch_gpio_put
                0x0000000010007bd4       0x14 CMakeFiles/PicoW-Pi7.dir/home/consmariano/PicoW-pi7/pico-sdk/src/rp2_common/pico_cyw43_arch/cyw43_arch.c.obj
                0x0000000010007bd4                cyw43_arch_gpio_put
 .text.cyw43_arch_async_context
                0x0000000010007be8        0xc CMakeFiles/PicoW-Pi7.dir/home/consmariano/PicoW-pi7/pico-sdk/src/rp2_common/pico_cyw43_arch/cyw43_arch.c.obj
                0x0000000010007be8                cyw43_arch_async_context
 .text.cyw43_arch_init_default_async_context
                0x0000000010007bf4       0x20 CMakeFiles/PicoW-Pi7.dir/home/consmariano/PicoW-pi7/pico-sdk/src/rp2_common/pico_cyw43_arch/cyw43_arch_threadsafe_background.c.obj
                0x0000000010007bf4                cyw43_arch_init_default_async_context
 .text.cyw43_arch_deinit
                0x0000000010007c14       0x28 CMakeFiles/PicoW-Pi7.dir/home/consmariano/PicoW-pi7/pico-sdk/src/rp2_common/pico_cyw43_arch/cyw43_arch_threadsafe_background.c.obj
                0x0000000010007c14                cyw43_arch_deinit
 .text.cyw43_arch_init
                0x0000000010007c3c       0x36 CMakeFiles/PicoW-Pi7.dir/home/consmariano/PicoW-pi7/pico-sdk/src/rp2_common/pico_cyw43_arch/cyw43_arch_threadsafe_background.c.obj
                0x0000000010007c3c                cyw43_arch_init
 .text.cs_set   0x0000000010007c72       0x1c CMakeFiles/PicoW-Pi7.dir/home/consmariano/PicoW-pi7/pico-sdk/src/rp2_common/pico_cyw43_driver/cyw43_bus_pio_spi.c.obj
 *fill*         0x0000000010007c8e        0x2 
 .text.start_spi_comms
                0x0000000010007c90       0x2c CMakeFiles/PicoW-Pi7.dir/home/consmariano/PicoW-pi7/pico-sdk/src/rp2_common/pico_cyw43_driver/cyw43_bus_pio_spi.c.obj
 .text.ns_delay
                0x0000000010007cbc       0x20 CMakeFiles/PicoW-Pi7.dir/home/consmariano/PicoW-pi7/pico-sdk/src/rp2_common/pico_cyw43_driver/cyw43_bus_pio_spi.c.obj
 .text.stop_spi_comms
                0x0000000010007cdc       0x10 CMakeFiles/PicoW-Pi7.dir/home/consmariano/PicoW-pi7/pico-sdk/src/rp2_common/pico_cyw43_driver/cyw43_bus_pio_spi.c.obj
 .text.cyw43_spi_deinit
                0x0000000010007cec       0x74 CMakeFiles/PicoW-Pi7.dir/home/consmariano/PicoW-pi7/pico-sdk/src/rp2_common/pico_cyw43_driver/cyw43_bus_pio_spi.c.obj
                0x0000000010007cec                cyw43_spi_deinit
 .text.cyw43_spi_init
                0x0000000010007d60      0x284 CMakeFiles/PicoW-Pi7.dir/home/consmariano/PicoW-pi7/pico-sdk/src/rp2_common/pico_cyw43_driver/cyw43_bus_pio_spi.c.obj
                0x0000000010007d60                cyw43_spi_init
 .text.cyw43_spi_transfer
                0x0000000010007fe4      0x694 CMakeFiles/PicoW-Pi7.dir/home/consmariano/PicoW-pi7/pico-sdk/src/rp2_common/pico_cyw43_driver/cyw43_bus_pio_spi.c.obj
                0x0000000010007fe4                cyw43_spi_transfer
 .text.cyw43_spi_gpio_setup
                0x0000000010008678       0x3a CMakeFiles/PicoW-Pi7.dir/home/consmariano/PicoW-pi7/pico-sdk/src/rp2_common/pico_cyw43_driver/cyw43_bus_pio_spi.c.obj
                0x0000000010008678                cyw43_spi_gpio_setup
 .text.cyw43_spi_reset
                0x00000000100086b2       0x28 CMakeFiles/PicoW-Pi7.dir/home/consmariano/PicoW-pi7/pico-sdk/src/rp2_common/pico_cyw43_driver/cyw43_bus_pio_spi.c.obj
                0x00000000100086b2                cyw43_spi_reset
 *fill*         0x00000000100086da        0x2 
 .text.read_reg_u32_swap
                0x00000000100086dc       0x68 CMakeFiles/PicoW-Pi7.dir/home/consmariano/PicoW-pi7/pico-sdk/src/rp2_common/pico_cyw43_driver/cyw43_bus_pio_spi.c.obj
                0x00000000100086dc                read_reg_u32_swap
 .text.cyw43_read_reg_u32
                0x0000000010008744       0x54 CMakeFiles/PicoW-Pi7.dir/home/consmariano/PicoW-pi7/pico-sdk/src/rp2_common/pico_cyw43_driver/cyw43_bus_pio_spi.c.obj
                0x0000000010008744                cyw43_read_reg_u32
 .text.cyw43_read_reg_u16
                0x0000000010008798       0x54 CMakeFiles/PicoW-Pi7.dir/home/consmariano/PicoW-pi7/pico-sdk/src/rp2_common/pico_cyw43_driver/cyw43_bus_pio_spi.c.obj
                0x0000000010008798                cyw43_read_reg_u16
 .text.cyw43_read_reg_u8
                0x00000000100087ec       0x54 CMakeFiles/PicoW-Pi7.dir/home/consmariano/PicoW-pi7/pico-sdk/src/rp2_common/pico_cyw43_driver/cyw43_bus_pio_spi.c.obj
                0x00000000100087ec                cyw43_read_reg_u8
 .text.write_reg_u32_swap
                0x0000000010008840       0x34 CMakeFiles/PicoW-Pi7.dir/home/consmariano/PicoW-pi7/pico-sdk/src/rp2_common/pico_cyw43_driver/cyw43_bus_pio_spi.c.obj
                0x0000000010008840                write_reg_u32_swap
 .text.cyw43_write_reg_u32
                0x0000000010008874       0x58 CMakeFiles/PicoW-Pi7.dir/home/consmariano/PicoW-pi7/pico-sdk/src/rp2_common/pico_cyw43_driver/cyw43_bus_pio_spi.c.obj
                0x0000000010008874                cyw43_write_reg_u32
 .text.cyw43_write_reg_u16
                0x00000000100088cc       0x58 CMakeFiles/PicoW-Pi7.dir/home/consmariano/PicoW-pi7/pico-sdk/src/rp2_common/pico_cyw43_driver/cyw43_bus_pio_spi.c.obj
                0x00000000100088cc                cyw43_write_reg_u16
 .text.cyw43_write_reg_u8
                0x0000000010008924       0x58 CMakeFiles/PicoW-Pi7.dir/home/consmariano/PicoW-pi7/pico-sdk/src/rp2_common/pico_cyw43_driver/cyw43_bus_pio_spi.c.obj
                0x0000000010008924                cyw43_write_reg_u8
 .text.cyw43_read_bytes
                0x000000001000897c      0x104 CMakeFiles/PicoW-Pi7.dir/home/consmariano/PicoW-pi7/pico-sdk/src/rp2_common/pico_cyw43_driver/cyw43_bus_pio_spi.c.obj
                0x000000001000897c                cyw43_read_bytes
 .text.cyw43_write_bytes
                0x0000000010008a80      0x128 CMakeFiles/PicoW-Pi7.dir/home/consmariano/PicoW-pi7/pico-sdk/src/rp2_common/pico_cyw43_driver/cyw43_bus_pio_spi.c.obj
                0x0000000010008a80                cyw43_write_bytes
 .text.get_core_address
                0x0000000010008ba8       0x1c CMakeFiles/PicoW-Pi7.dir/home/consmariano/PicoW-pi7/pico-sdk/lib/cyw43-driver/src/cyw43_ll.c.obj
 .text.sdpcm_process_rx_packet
                0x0000000010008bc4      0x180 CMakeFiles/PicoW-Pi7.dir/home/consmariano/PicoW-pi7/pico-sdk/lib/cyw43-driver/src/cyw43_ll.c.obj
 .text.cyw43_ll_wifi_parse_scan_result
                0x0000000010008d44       0x9c CMakeFiles/PicoW-Pi7.dir/home/consmariano/PicoW-pi7/pico-sdk/lib/cyw43-driver/src/cyw43_ll.c.obj
 .text.cyw43_ll_parse_async_event
                0x0000000010008de0       0x8e CMakeFiles/PicoW-Pi7.dir/home/consmariano/PicoW-pi7/pico-sdk/lib/cyw43-driver/src/cyw43_ll.c.obj
 *fill*         0x0000000010008e6e        0x2 
 .text.cyw43_kso_set
                0x0000000010008e70       0x98 CMakeFiles/PicoW-Pi7.dir/home/consmariano/PicoW-pi7/pico-sdk/lib/cyw43-driver/src/cyw43_ll.c.obj
 .text.cyw43_ll_bus_sleep_helper
                0x0000000010008f08        0xe CMakeFiles/PicoW-Pi7.dir/home/consmariano/PicoW-pi7/pico-sdk/lib/cyw43-driver/src/cyw43_ll.c.obj
 *fill*         0x0000000010008f16        0x2 
 .text.cyw43_read_reg
                0x0000000010008f18       0x48 CMakeFiles/PicoW-Pi7.dir/home/consmariano/PicoW-pi7/pico-sdk/lib/cyw43-driver/src/cyw43_ll.c.obj
 .text.cyw43_write_reg
                0x0000000010008f60       0x4c CMakeFiles/PicoW-Pi7.dir/home/consmariano/PicoW-pi7/pico-sdk/lib/cyw43-driver/src/cyw43_ll.c.obj
 .text.cyw43_set_backplane_window
                0x0000000010008fac       0x74 CMakeFiles/PicoW-Pi7.dir/home/consmariano/PicoW-pi7/pico-sdk/lib/cyw43-driver/src/cyw43_ll.c.obj
 .text.cyw43_read_backplane
                0x0000000010009020       0x30 CMakeFiles/PicoW-Pi7.dir/home/consmariano/PicoW-pi7/pico-sdk/lib/cyw43-driver/src/cyw43_ll.c.obj
 .text.disable_device_core
                0x0000000010009050       0x3c CMakeFiles/PicoW-Pi7.dir/home/consmariano/PicoW-pi7/pico-sdk/lib/cyw43-driver/src/cyw43_ll.c.obj
 .text.device_core_is_up
                0x000000001000908c       0x4c CMakeFiles/PicoW-Pi7.dir/home/consmariano/PicoW-pi7/pico-sdk/lib/cyw43-driver/src/cyw43_ll.c.obj
 .text.cyw43_write_backplane
                0x00000000100090d8       0x34 CMakeFiles/PicoW-Pi7.dir/home/consmariano/PicoW-pi7/pico-sdk/lib/cyw43-driver/src/cyw43_ll.c.obj
 .text.reset_device_core
                0x000000001000910c       0x74 CMakeFiles/PicoW-Pi7.dir/home/consmariano/PicoW-pi7/pico-sdk/lib/cyw43-driver/src/cyw43_ll.c.obj
 .text.cyw43_download_resource
                0x0000000010009180      0x17c CMakeFiles/PicoW-Pi7.dir/home/consmariano/PicoW-pi7/pico-sdk/lib/cyw43-driver/src/cyw43_ll.c.obj
 .text.cyw43_ll_init
                0x00000000100092fc       0x20 CMakeFiles/PicoW-Pi7.dir/home/consmariano/PicoW-pi7/pico-sdk/lib/cyw43-driver/src/cyw43_ll.c.obj
                0x00000000100092fc                cyw43_ll_init
 .text.cyw43_ll_deinit
                0x000000001000931c        0x8 CMakeFiles/PicoW-Pi7.dir/home/consmariano/PicoW-pi7/pico-sdk/lib/cyw43-driver/src/cyw43_ll.c.obj
                0x000000001000931c                cyw43_ll_deinit
 .text.cyw43_ll_bus_sleep
                0x0000000010009324       0x34 CMakeFiles/PicoW-Pi7.dir/home/consmariano/PicoW-pi7/pico-sdk/lib/cyw43-driver/src/cyw43_ll.c.obj
                0x0000000010009324                cyw43_ll_bus_sleep
 .text.cyw43_ll_sdpcm_poll_device
                0x0000000010009358      0x158 CMakeFiles/PicoW-Pi7.dir/home/consmariano/PicoW-pi7/pico-sdk/lib/cyw43-driver/src/cyw43_ll.c.obj
 .text.cyw43_ll_process_packets
                0x00000000100094b0       0x5c CMakeFiles/PicoW-Pi7.dir/home/consmariano/PicoW-pi7/pico-sdk/lib/cyw43-driver/src/cyw43_ll.c.obj
                0x00000000100094b0                cyw43_ll_process_packets
 .text.cyw43_sdpcm_send_common
                0x000000001000950c      0x104 CMakeFiles/PicoW-Pi7.dir/home/consmariano/PicoW-pi7/pico-sdk/lib/cyw43-driver/src/cyw43_ll.c.obj
 .text.cyw43_send_ioctl
                0x0000000010009610       0x56 CMakeFiles/PicoW-Pi7.dir/home/consmariano/PicoW-pi7/pico-sdk/lib/cyw43-driver/src/cyw43_ll.c.obj
 *fill*         0x0000000010009666        0x2 
 .text.cyw43_do_ioctl
                0x0000000010009668       0xc0 CMakeFiles/PicoW-Pi7.dir/home/consmariano/PicoW-pi7/pico-sdk/lib/cyw43-driver/src/cyw43_ll.c.obj
 .text.cyw43_ll_ioctl
                0x0000000010009728       0x1e CMakeFiles/PicoW-Pi7.dir/home/consmariano/PicoW-pi7/pico-sdk/lib/cyw43-driver/src/cyw43_ll.c.obj
                0x0000000010009728                cyw43_ll_ioctl
 *fill*         0x0000000010009746        0x2 
 .text.cyw43_clm_load
                0x0000000010009748       0xdc CMakeFiles/PicoW-Pi7.dir/home/consmariano/PicoW-pi7/pico-sdk/lib/cyw43-driver/src/cyw43_ll.c.obj
 .text.cyw43_write_iovar_u32
                0x0000000010009824       0x60 CMakeFiles/PicoW-Pi7.dir/home/consmariano/PicoW-pi7/pico-sdk/lib/cyw43-driver/src/cyw43_ll.c.obj
 .text.cyw43_write_iovar_n
                0x0000000010009884       0x50 CMakeFiles/PicoW-Pi7.dir/home/consmariano/PicoW-pi7/pico-sdk/lib/cyw43-driver/src/cyw43_ll.c.obj
 .text.cyw43_set_ioctl_u32
                0x00000000100098d4       0x30 CMakeFiles/PicoW-Pi7.dir/home/consmariano/PicoW-pi7/pico-sdk/lib/cyw43-driver/src/cyw43_ll.c.obj
 .text.cyw43_write_iovar_u32_u32
                0x0000000010009904       0x74 CMakeFiles/PicoW-Pi7.dir/home/consmariano/PicoW-pi7/pico-sdk/lib/cyw43-driver/src/cyw43_ll.c.obj
 .text.cyw43_ll_wifi_get_mac
                0x0000000010009978       0x48 CMakeFiles/PicoW-Pi7.dir/home/consmariano/PicoW-pi7/pico-sdk/lib/cyw43-driver/src/cyw43_ll.c.obj
                0x0000000010009978                cyw43_ll_wifi_get_mac
 .text.cyw43_ll_bus_init
                0x00000000100099c0      0x360 CMakeFiles/PicoW-Pi7.dir/home/consmariano/PicoW-pi7/pico-sdk/lib/cyw43-driver/src/cyw43_ll.c.obj
                0x00000000100099c0                cyw43_ll_bus_init
 .text.cyw43_ll_wifi_set_wpa_auth
                0x0000000010009d20        0xe CMakeFiles/PicoW-Pi7.dir/home/consmariano/PicoW-pi7/pico-sdk/lib/cyw43-driver/src/cyw43_ll.c.obj
                0x0000000010009d20                cyw43_ll_wifi_set_wpa_auth
 *fill*         0x0000000010009d2e        0x2 
 .text.cyw43_ll_wifi_rejoin
                0x0000000010009d30       0x20 CMakeFiles/PicoW-Pi7.dir/home/consmariano/PicoW-pi7/pico-sdk/lib/cyw43-driver/src/cyw43_ll.c.obj
                0x0000000010009d30                cyw43_ll_wifi_rejoin
 .text.cyw43_ll_gpio_set
                0x0000000010009d50       0x30 CMakeFiles/PicoW-Pi7.dir/home/consmariano/PicoW-pi7/pico-sdk/lib/cyw43-driver/src/cyw43_ll.c.obj
                0x0000000010009d50                cyw43_ll_gpio_set
 .text.cyw43_ll_has_work
                0x0000000010009d80       0x12 CMakeFiles/PicoW-Pi7.dir/home/consmariano/PicoW-pi7/pico-sdk/lib/cyw43-driver/src/cyw43_ll.c.obj
                0x0000000010009d80                cyw43_ll_has_work
 *fill*         0x0000000010009d92        0x2 
 .text.cyw43_poll_func
                0x0000000010009d94       0xb0 CMakeFiles/PicoW-Pi7.dir/home/consmariano/PicoW-pi7/pico-sdk/lib/cyw43-driver/src/cyw43_ctrl.c.obj
 .text.cyw43_dump_async_event
                0x0000000010009e44       0x8c CMakeFiles/PicoW-Pi7.dir/home/consmariano/PicoW-pi7/pico-sdk/lib/cyw43-driver/src/cyw43_ctrl.c.obj
 .text.cyw43_ensure_up
                0x0000000010009ed0       0xec CMakeFiles/PicoW-Pi7.dir/home/consmariano/PicoW-pi7/pico-sdk/lib/cyw43-driver/src/cyw43_ctrl.c.obj
 .text.cyw43_init
                0x0000000010009fbc       0x8c CMakeFiles/PicoW-Pi7.dir/home/consmariano/PicoW-pi7/pico-sdk/lib/cyw43-driver/src/cyw43_ctrl.c.obj
                0x0000000010009fbc                cyw43_init
 .text.cyw43_deinit
                0x000000001000a048       0x3c CMakeFiles/PicoW-Pi7.dir/home/consmariano/PicoW-pi7/pico-sdk/lib/cyw43-driver/src/cyw43_ctrl.c.obj
                0x000000001000a048                cyw43_deinit
 .text.cyw43_cb_read_host_interrupt_pin
                0x000000001000a084        0xe CMakeFiles/PicoW-Pi7.dir/home/consmariano/PicoW-pi7/pico-sdk/lib/cyw43-driver/src/cyw43_ctrl.c.obj
                0x000000001000a084                cyw43_cb_read_host_interrupt_pin
 *fill*         0x000000001000a092        0x2 
 .text.cyw43_cb_ensure_awake